Archive member included to satisfy reference by file (symbol)

/Applications/ArmGNUToolchain/15.3.rel1/arm-none-eabi/bin/../lib/gcc/arm-none-eabi/15.3.1/thumb/v7e-m+fp/hard/libgcc.a(_arm_addsubdf3.o)
                              CMakeFiles/PDM_M26.dir/Core/Src/main.c.obj (__aeabi_f2d)
/Applications/ArmGNUToolchain/15.3.rel1/arm-none-eabi/bin/../lib/gcc/arm-none-eabi/15.3.1/thumb/v7e-m+fp/hard/libgcc.a(_aeabi_uldivmod.o)
                              cmake/stm32cubemx/CMakeFiles/STM32_Drivers.dir/__/__/Drivers/STM32G4xx_HAL_Driver/Src/stm32g4xx_hal_uart.c.obj (__aeabi_uldivmod)
/Applications/ArmGNUToolchain/15.3.rel1/arm-none-eabi/bin/../lib/gcc/arm-none-eabi/15.3.1/thumb/v7e-m+fp/hard/libgcc.a(_udivmoddi4.o)
                              /Applications/ArmGNUToolchain/15.3.rel1/arm-none-eabi/bin/../lib/gcc/arm-none-eabi/15.3.1/thumb/v7e-m+fp/hard/libgcc.a(_aeabi_uldivmod.o) (__udivmoddi4)
/Applications/ArmGNUToolchain/15.3.rel1/arm-none-eabi/bin/../lib/gcc/arm-none-eabi/15.3.1/thumb/v7e-m+fp/hard/libgcc.a(_dvmd_tls.o)
                              /Applications/ArmGNUToolchain/15.3.rel1/arm-none-eabi/bin/../lib/gcc/arm-none-eabi/15.3.1/thumb/v7e-m+fp/hard/libgcc.a(_aeabi_uldivmod.o) (__aeabi_ldiv0)
/Applications/ArmGNUToolchain/15.3.rel1/arm-none-eabi/bin/../lib/gcc/arm-none-eabi/15.3.1/../../../../arm-none-eabi/lib/thumb/v7e-m+fp/hard/libg_nano.a(libc_a-exit.o)
                              /Applications/ArmGNUToolchain/15.3.rel1/arm-none-eabi/bin/../lib/gcc/arm-none-eabi/15.3.1/../../../../arm-none-eabi/lib/thumb/v7e-m+fp/hard/crt0.o (exit)
/Applications/ArmGNUToolchain/15.3.rel1/arm-none-eabi/bin/../lib/gcc/arm-none-eabi/15.3.1/../../../../arm-none-eabi/lib/thumb/v7e-m+fp/hard/libg_nano.a(libc_a-nano-vfprintf_float.o)
                              (_printf_float)
/Applications/ArmGNUToolchain/15.3.rel1/arm-none-eabi/bin/../lib/gcc/arm-none-eabi/15.3.1/../../../../arm-none-eabi/lib/thumb/v7e-m+fp/hard/libg_nano.a(libc_a-nano-vfprintf_i.o)
                              /Applications/ArmGNUToolchain/15.3.rel1/arm-none-eabi/bin/../lib/gcc/arm-none-eabi/15.3.1/../../../../arm-none-eabi/lib/thumb/v7e-m+fp/hard/libg_nano.a(libc_a-nano-vfprintf_float.o) (_printf_common)
/Applications/ArmGNUToolchain/15.3.rel1/arm-none-eabi/bin/../lib/gcc/arm-none-eabi/15.3.1/../../../../arm-none-eabi/lib/thumb/v7e-m+fp/hard/libg_nano.a(libc_a-setvbuf.o)
                              CMakeFiles/PDM_M26.dir/Core/Src/main.c.obj (setvbuf)
/Applications/ArmGNUToolchain/15.3.rel1/arm-none-eabi/bin/../lib/gcc/arm-none-eabi/15.3.1/../../../../arm-none-eabi/lib/thumb/v7e-m+fp/hard/libg_nano.a(libc_a-fflush.o)
                              /Applications/ArmGNUToolchain/15.3.rel1/arm-none-eabi/bin/../lib/gcc/arm-none-eabi/15.3.1/../../../../arm-none-eabi/lib/thumb/v7e-m+fp/hard/libg_nano.a(libc_a-setvbuf.o) (_fflush_r)
/Applications/ArmGNUToolchain/15.3.rel1/arm-none-eabi/bin/../lib/gcc/arm-none-eabi/15.3.1/../../../../arm-none-eabi/lib/thumb/v7e-m+fp/hard/libg_nano.a(libc_a-findfp.o)
                              /Applications/ArmGNUToolchain/15.3.rel1/arm-none-eabi/bin/../lib/gcc/arm-none-eabi/15.3.1/../../../../arm-none-eabi/lib/thumb/v7e-m+fp/hard/libg_nano.a(libc_a-fflush.o) (__sglue)
/Applications/ArmGNUToolchain/15.3.rel1/arm-none-eabi/bin/../lib/gcc/arm-none-eabi/15.3.1/../../../../arm-none-eabi/lib/thumb/v7e-m+fp/hard/libg_nano.a(libc_a-fwalk.o)
                              /Applications/ArmGNUToolchain/15.3.rel1/arm-none-eabi/bin/../lib/gcc/arm-none-eabi/15.3.1/../../../../arm-none-eabi/lib/thumb/v7e-m+fp/hard/libg_nano.a(libc_a-fflush.o) (_fwalk_sglue)
/Applications/ArmGNUToolchain/15.3.rel1/arm-none-eabi/bin/../lib/gcc/arm-none-eabi/15.3.1/../../../../arm-none-eabi/lib/thumb/v7e-m+fp/hard/libg_nano.a(libc_a-makebuf.o)
                              /Applications/ArmGNUToolchain/15.3.rel1/arm-none-eabi/bin/../lib/gcc/arm-none-eabi/15.3.1/../../../../arm-none-eabi/lib/thumb/v7e-m+fp/hard/libg_nano.a(libc_a-setvbuf.o) (__swhatbuf_r)
/Applications/ArmGNUToolchain/15.3.rel1/arm-none-eabi/bin/../lib/gcc/arm-none-eabi/15.3.1/../../../../arm-none-eabi/lib/thumb/v7e-m+fp/hard/libg_nano.a(libc_a-printf.o)
                              CMakeFiles/PDM_M26.dir/Core/Src/main.c.obj (printf)
/Applications/ArmGNUToolchain/15.3.rel1/arm-none-eabi/bin/../lib/gcc/arm-none-eabi/15.3.1/../../../../arm-none-eabi/lib/thumb/v7e-m+fp/hard/libg_nano.a(libc_a-puts.o)
                              CMakeFiles/PDM_M26.dir/Core/Src/main.c.obj (puts)
/Applications/ArmGNUToolchain/15.3.rel1/arm-none-eabi/bin/../lib/gcc/arm-none-eabi/15.3.1/../../../../arm-none-eabi/lib/thumb/v7e-m+fp/hard/libg_nano.a(libc_a-memset.o)
                              /Applications/ArmGNUToolchain/15.3.rel1/arm-none-eabi/bin/../lib/gcc/arm-none-eabi/15.3.1/../../../../arm-none-eabi/lib/thumb/v7e-m+fp/hard/crt0.o (memset)
[...]
Memory Configuration

Name             Origin             Length             Attributes
RAM              0x20000000         0x00008000         xrw
FLASH            0x08000000         0x00020000         xr
*default*        0x00000000         0xffffffff

Linker script and memory map

LOAD /Applications/ArmGNUToolchain/15.3.rel1/arm-none-eabi/bin/../lib/gcc/arm-none-eabi/15.3.1/thumb/v7e-m+fp/hard/crti.o
LOAD /Applications/ArmGNUToolchain/15.3.rel1/arm-none-eabi/bin/../lib/gcc/arm-none-eabi/15.3.1/thumb/v7e-m+fp/hard/crtbegin.o
LOAD /Applications/ArmGNUToolchain/15.3.rel1/arm-none-eabi/bin/../lib/gcc/arm-none-eabi/15.3.1/../../../../arm-none-eabi/lib/thumb/v7e-m+fp/hard/crt0.o
LOAD cmake/stm32cubemx/CMakeFiles/STM32_Drivers.dir/__/__/Core/Src/system_stm32g4xx.c.obj
LOAD cmake/stm32cubemx/CMakeFiles/STM32_Drivers.dir/__/__/Drivers/STM32G4xx_HAL_Driver/Src/stm32g4xx_hal_adc.c.obj
LOAD cmake/stm32cubemx/CMakeFiles/STM32_Drivers.dir/__/__/Drivers/STM32G4xx_HAL_Driver/Src/stm32g4xx_hal_adc_ex.c.obj
LOAD cmake/stm32cubemx/CMakeFiles/STM32_Drivers.dir/__/__/Drivers/STM32G4xx_HAL_Driver/Src/stm32g4xx_ll_adc.c.obj
LOAD cmake/stm32cubemx/CMakeFiles/STM32_Drivers.dir/__/__/Drivers/STM32G4xx_HAL_Driver/Src/stm32g4xx_hal.c.obj
LOAD cmake/stm32cubemx/CMakeFiles/STM32_Drivers.dir/__/__/Drivers/STM32G4xx_HAL_Driver/Src/stm32g4xx_hal_rcc.c.obj
LOAD cmake/stm32cubemx/CMakeFiles/STM32_Drivers.dir/__/__/Drivers/STM32G4xx_HAL_Driver/Src/stm32g4xx_hal_rcc_ex.c.obj
LOAD cmake/stm32cubemx/CMakeFiles/STM32_Drivers.dir/__/__/Drivers/STM32G4xx_HAL_Driver/Src/stm32g4xx_hal_flash.c.obj
LOAD cmake/stm32cubemx/CMakeFiles/STM32_Drivers.dir/__/__/Drivers/STM32G4xx_HAL_Driver/Src/stm32g4xx_hal_flash_ex.c.obj
LOAD cmake/stm32cubemx/CMakeFiles/STM32_Drivers.dir/__/__/Drivers/STM32G4xx_HAL_Driver/Src/stm32g4xx_hal_flash_ramfunc.c.obj
LOAD cmake/stm32cubemx/CMakeFiles/STM32_Drivers.dir/__/__/Drivers/STM32G4xx_HAL_Driver/Src/stm32g4xx_hal_gpio.c.obj
LOAD cmake/stm32cubemx/CMakeFiles/STM32_Drivers.dir/__/__/Drivers/STM32G4xx_HAL_Driver/Src/stm32g4xx_hal_exti.c.obj
LOAD cmake/stm32cubemx/CMakeFiles/STM32_Drivers.dir/__/__/Drivers/STM32G4xx_HAL_Driver/Src/stm32g4xx_hal_dma.c.obj
LOAD cmake/stm32cubemx/CMakeFiles/STM32_Drivers.dir/__/__/Drivers/STM32G4xx_HAL_Driver/Src/stm32g4xx_hal_dma_ex.c.obj
LOAD cmake/stm32cubemx/CMakeFiles/STM32_Drivers.dir/__/__/Drivers/STM32G4xx_HAL_Driver/Src/stm32g4xx_hal_pwr.c.obj
LOAD cmake/stm32cubemx/CMakeFiles/STM32_Drivers.dir/__/__/Drivers/STM32G4xx_HAL_Driver/Src/stm32g4xx_hal_pwr_ex.c.obj
LOAD cmake/stm32cubemx/CMakeFiles/STM32_Drivers.dir/__/__/Drivers/STM32G4xx_HAL_Driver/Src/stm32g4xx_hal_cortex.c.obj
LOAD cmake/stm32cubemx/CMakeFiles/STM32_Drivers.dir/__/__/Drivers/STM32G4xx_HAL_Driver/Src/stm32g4xx_hal_fdcan.c.obj
LOAD cmake/stm32cubemx/CMakeFiles/STM32_Drivers.dir/__/__/Drivers/STM32G4xx_HAL_Driver/Src/stm32g4xx_hal_tim.c.obj
LOAD cmake/stm32cubemx/CMakeFiles/STM32_Drivers.dir/__/__/Drivers/STM32G4xx_HAL_Driver/Src/stm32g4xx_hal_tim_ex.c.obj
LOAD cmake/stm32cubemx/CMakeFiles/STM32_Drivers.dir/__/__/Drivers/STM32G4xx_HAL_Driver/Src/stm32g4xx_hal_uart.c.obj
LOAD cmake/stm32cubemx/CMakeFiles/STM32_Drivers.dir/__/__/Drivers/STM32G4xx_HAL_Driver/Src/stm32g4xx_hal_uart_ex.c.obj
LOAD CMakeFiles/PDM_M26.dir/Core/Src/main.c.obj
LOAD CMakeFiles/PDM_M26.dir/Core/Src/stm32g4xx_it.c.obj
LOAD CMakeFiles/PDM_M26.dir/Core/Src/stm32g4xx_hal_msp.c.obj
LOAD CMakeFiles/PDM_M26.dir/Core/Src/sysmem.c.obj
LOAD CMakeFiles/PDM_M26.dir/Core/Src/syscalls.c.obj
LOAD CMakeFiles/PDM_M26.dir/startup_stm32g431xx.s.obj
LOAD /Applications/ArmGNUToolchain/15.3.rel1/arm-none-eabi/bin/../lib/gcc/arm-none-eabi/15.3.1/../../../../arm-none-eabi/lib/thumb/v7e-m+fp/hard/libm.a
START GROUP
LOAD /Applications/ArmGNUToolchain/15.3.rel1/arm-none-eabi/bin/../lib/gcc/arm-none-eabi/15.3.1/thumb/v7e-m+fp/hard/libgcc.a
LOAD /Applications/ArmGNUToolchain/15.3.rel1/arm-none-eabi/bin/../lib/gcc/arm-none-eabi/15.3.1/../../../../arm-none-eabi/lib/thumb/v7e-m+fp/hard/libg_nano.a
LOAD /Applications/ArmGNUToolchain/15.3.rel1/arm-none-eabi/bin/../lib/gcc/arm-none-eabi/15.3.1/../../../../arm-none-eabi/lib/thumb/v7e-m+fp/hard/libc_nano.a
END GROUP
START GROUP
LOAD /Applications/ArmGNUToolchain/15.3.rel1/arm-none-eabi/bin/../lib/gcc/arm-none-eabi/15.3.1/thumb/v7e-m+fp/hard/libgcc.a
LOAD /Applications/ArmGNUToolchain/15.3.rel1/arm-none-eabi/bin/../lib/gcc/arm-none-eabi/15.3.1/../../../../arm-none-eabi/lib/thumb/v7e-m+fp/hard/libc_nano.a
END GROUP
LOAD /Applications/ArmGNUToolchain/15.3.rel1/arm-none-eabi/bin/../lib/gcc/arm-none-eabi/15.3.1/thumb/v7e-m+fp/hard/crtend.o
LOAD /Applications/ArmGNUToolchain/15.3.rel1/arm-none-eabi/bin/../lib/gcc/arm-none-eabi/15.3.1/thumb/v7e-m+fp/hard/crtn.o
                0x20008000                        _estack = (ORIGIN (RAM) + LENGTH (RAM))
                0x20007c00                        _sstack = (_estack - _Min_Stack_Size)
                0x00000200                        _Min_Heap_Size = 0x200
                0x00000400                        _Min_Stack_Size = 0x400

.isr_vector     0x08000000      0x1d8
                0x08000000                        . = ALIGN (0x4)
 *(.isr_vector)
 .isr_vector    0x08000000      0x1d8 CMakeFiles/PDM_M26.dir/startup_stm32g431xx.s.obj
                0x08000000                g_pfnVectors
                0x080001d8                        . = ALIGN (0x4)

.text           0x080001e0     0x9288
                0x080001e0                        . = ALIGN (0x4)
 *(.text)
 .text          0x080001e0      0x378 /Applications/ArmGNUToolchain/15.3.rel1/arm-none-eabi/bin/../lib/gcc/arm-none-eabi/15.3.1/thumb/v7e-m+fp/hard/libgcc.a(_arm_addsubdf3.o)
                0x080001e0                __aeabi_drsub
                0x080001e8                __subdf3
                0x080001e8                __aeabi_dsub
                0x080001ec                __aeabi_dadd
                0x080001ec                __adddf3
                0x08000464                __aeabi_ui2d
                0x08000464                __floatunsidf
                0x08000484                __floatsidf
                0x08000484                __aeabi_i2d
                0x080004a8                __extendsfdf2
                0x080004a8                __aeabi_f2d
                0x080004ec                __aeabi_ul2d
                0x080004ec                __floatundidf
                0x080004fc                __aeabi_l2d
                0x080004fc                __floatdidf
 .text          0x08000558       0x30 /Applications/ArmGNUToolchain/15.3.rel1/arm-none-eabi/bin/../lib/gcc/arm-none-eabi/15.3.1/thumb/v7e-m+fp/hard/libgcc.a(_aeabi_uldivmod.o)
                0x08000558                __aeabi_uldivmod
 .text          0x08000588        0x4 /Applications/ArmGNUToolchain/15.3.rel1/arm-none-eabi/bin/../lib/gcc/arm-none-eabi/15.3.1/thumb/v7e-m+fp/hard/libgcc.a(_dvmd_tls.o)
                0x08000588                __aeabi_ldiv0
                0x08000588                __aeabi_idiv0
 *fill*         0x0800058c        0x4 
 .text          0x08000590       0xa0 /Applications/ArmGNUToolchain/15.3.rel1/arm-none-eabi/bin/../lib/gcc/arm-none-eabi/15.3.1/../../../../arm-none-eabi/lib/thumb/v7e-m+fp/hard/libg_nano.a(libc_a-memchr.o)
                0x08000590                memchr
 .text          0x08000630       0x10 /Applications/ArmGNUToolchain/15.3.rel1/arm-none-eabi/bin/../lib/gcc/arm-none-eabi/15.3.1/../../../../arm-none-eabi/lib/thumb/v7e-m+fp/hard/libg_nano.a(libc_a-strlen.o)
                0x08000630                strlen
 .text          0x08000640      0x424 /Applications/ArmGNUToolchain/15.3.rel1/arm-none-eabi/bin/../lib/gcc/arm-none-eabi/15.3.1/thumb/v7e-m+fp/hard/libgcc.a(_arm_muldivdf3.o)
                0x08000640                __aeabi_dmul
                0x08000640                __muldf3
                0x08000894                __aeabi_ddiv
                0x08000894                __divdf3
 .text          0x08000a64      0x110 /Applications/ArmGNUToolchain/15.3.rel1/arm-none-eabi/bin/../lib/gcc/arm-none-eabi/15.3.1/thumb/v7e-m+fp/hard/libgcc.a(_arm_cmpdf2.o)
                0x08000a64                __gedf2
                0x08000a64                __gtdf2
                0x08000a6c                __ledf2
                0x08000a6c                __ltdf2
                0x08000a74                __cmpdf2
                0x08000a74                __eqdf2
                0x08000a74                __nedf2
                0x08000af0                __aeabi_cdrcmple
                0x08000b00                __aeabi_cdcmple
                0x08000b00                __aeabi_cdcmpeq
                0x08000b10                __aeabi_dcmpeq
                0x08000b24                __aeabi_dcmplt
                0x08000b38                __aeabi_dcmple
                0x08000b4c                __aeabi_dcmpge
                0x08000b60                __aeabi_dcmpgt
 .text          0x08000b74       0x2c /Applications/ArmGNUToolchain/15.3.rel1/arm-none-eabi/bin/../lib/gcc/arm-none-eabi/15.3.1/thumb/v7e-m+fp/hard/libgcc.a(_arm_unorddf2.o)
                0x08000b74                __aeabi_dcmpun
                0x08000b74                __unorddf2
 .text          0x08000ba0       0x50 /Applications/ArmGNUToolchain/15.3.rel1/arm-none-eabi/bin/../lib/gcc/arm-none-eabi/15.3.1/thumb/v7e-m+fp/hard/libgcc.a(_arm_fixdfsi.o)
                0x08000ba0                __fixdfsi
                0x08000ba0                __aeabi_d2iz
 *(.text*)
 .text.deregister_tm_clones
                0x08000bf0       0x1c /Applications/ArmGNUToolchain/15.3.rel1/arm-none-eabi/bin/../lib/gcc/arm-none-eabi/15.3.1/thumb/v7e-m+fp/hard/crtbegin.o
 .text.register_tm_clones
                0x08000c0c       0x24 /Applications/ArmGNUToolchain/15.3.rel1/arm-none-eabi/bin/../lib/gcc/arm-none-eabi/15.3.1/thumb/v7e-m+fp/hard/crtbegin.o
 .text.__do_global_dtors_aux
                0x08000c30       0x28 /Applications/ArmGNUToolchain/15.3.rel1/arm-none-eabi/bin/../lib/gcc/arm-none-eabi/15.3.1/thumb/v7e-m+fp/hard/crtbegin.o
 .text.frame_dummy
                0x08000c58       0x24 /Applications/ArmGNUToolchain/15.3.rel1/arm-none-eabi/bin/../lib/gcc/arm-none-eabi/15.3.1/thumb/v7e-m+fp/hard/crtbegin.o
 .text.SystemInit
                0x08000c7c       0x20 cmake/stm32cubemx/CMakeFiles/STM32_Drivers.dir/__/__/Core/Src/system_stm32g4xx.c.obj
                0x08000c7c                SystemInit
 .text.LL_ADC_SetCommonClock
                0x08000c9c       0x24 cmake/stm32cubemx/CMakeFiles/STM32_Drivers.dir/__/__/Drivers/STM32G4xx_HAL_Driver/Src/stm32g4xx_hal_adc.c.obj
 .text.LL_ADC_SetCommonPathInternalCh
                0x08000cc0       0x24 cmake/stm32cubemx/CMakeFiles/STM32_Drivers.dir/__/__/Drivers/STM32G4xx_HAL_Driver/Src/stm32g4xx_hal_adc.c.obj
 .text.LL_ADC_GetCommonPathInternalCh
                0x08000ce4       0x1a cmake/stm32cubemx/CMakeFiles/STM32_Drivers.dir/__/__/Drivers/STM32G4xx_HAL_Driver/Src/stm32g4xx_hal_adc.c.obj
 *fill*         0x08000cfe        0x2 
 .text.LL_ADC_SetOffset
                0x08000d00       0x48 cmake/stm32cubemx/CMakeFiles/STM32_Drivers.dir/__/__/Drivers/STM32G4xx_HAL_Driver/Src/stm32g4xx_hal_adc.c.obj
 .text.LL_ADC_GetOffsetChannel
                0x08000d48       0x2a cmake/stm32cubemx/CMakeFiles/STM32_Drivers.dir/__/__/Drivers/STM32G4xx_HAL_Driver/Src/stm32g4xx_hal_adc.c.obj
 .text.LL_ADC_SetOffsetState
                0x08000d72       0x34 cmake/stm32cubemx/CMakeFiles/STM32_Drivers.dir/__/__/Drivers/STM32G4xx_HAL_Driver/Src/stm32g4xx_hal_adc.c.obj
 .text.LL_ADC_SetOffsetSign
                0x08000da6       0x34 cmake/stm32cubemx/CMakeFiles/STM32_Drivers.dir/__/__/Drivers/STM32G4xx_HAL_Driver/Src/stm32g4xx_hal_adc.c.obj
 .text.LL_ADC_SetOffsetSaturation
                0x08000dda       0x34 cmake/stm32cubemx/CMakeFiles/STM32_Drivers.dir/__/__/Drivers/STM32G4xx_HAL_Driver/Src/stm32g4xx_hal_adc.c.obj
 .text.LL_ADC_SetSamplingTimeCommonConfig
                0x08000e0e       0x24 cmake/stm32cubemx/CMakeFiles/STM32_Drivers.dir/__/__/Drivers/STM32G4xx_HAL_Driver/Src/stm32g4xx_hal_adc.c.obj
 .text.LL_ADC_REG_IsTriggerSourceSWStart
                0x08000e32       0x24 cmake/stm32cubemx/CMakeFiles/STM32_Drivers.dir/__/__/Drivers/STM32G4xx_HAL_Driver/Src/stm32g4xx_hal_adc.c.obj
 .text.LL_ADC_REG_SetSequencerRanks
                0x08000e56       0x56 cmake/stm32cubemx/CMakeFiles/STM32_Drivers.dir/__/__/Drivers/STM32G4xx_HAL_Driver/Src/stm32g4xx_hal_adc.c.obj
 .text.LL_ADC_SetChannelSamplingTime
                0x08000eac       0x54 cmake/stm32cubemx/CMakeFiles/STM32_Drivers.dir/__/__/Drivers/STM32G4xx_HAL_Driver/Src/stm32g4xx_hal_adc.c.obj
 .text.LL_ADC_SetChannelSingleDiff
                0x08000f00       0x44 cmake/stm32cubemx/CMakeFiles/STM32_Drivers.dir/__/__/Drivers/STM32G4xx_HAL_Driver/Src/stm32g4xx_hal_adc.c.obj
 .text.LL_ADC_GetMultimode
                0x08000f44       0x1a cmake/stm32cubemx/CMakeFiles/STM32_Drivers.dir/__/__/Drivers/STM32G4xx_HAL_Driver/Src/stm32g4xx_hal_adc.c.obj
 .text.LL_ADC_GetMultiDMATransfer
                0x08000f5e       0x1a cmake/stm32cubemx/CMakeFiles/STM32_Drivers.dir/__/__/Drivers/STM32G4xx_HAL_Driver/Src/stm32g4xx_hal_adc.c.obj
 .text.LL_ADC_DisableDeepPowerDown
                0x08000f78       0x22 cmake/stm32cubemx/CMakeFiles/STM32_Drivers.dir/__/__/Drivers/STM32G4xx_HAL_Driver/Src/stm32g4xx_hal_adc.c.obj
 .text.LL_ADC_IsDeepPowerDownEnabled
                0x08000f9a       0x26 cmake/stm32cubemx/CMakeFiles/STM32_Drivers.dir/__/__/Drivers/STM32G4xx_HAL_Driver/Src/stm32g4xx_hal_adc.c.obj
 .text.LL_ADC_EnableInternalRegulator
                0x08000fc0       0x26 cmake/stm32cubemx/CMakeFiles/STM32_Drivers.dir/__/__/Drivers/STM32G4xx_HAL_Driver/Src/stm32g4xx_hal_adc.c.obj
 .text.LL_ADC_IsInternalRegulatorEnabled
                0x08000fe6       0x26 cmake/stm32cubemx/CMakeFiles/STM32_Drivers.dir/__/__/Drivers/STM32G4xx_HAL_Driver/Src/stm32g4xx_hal_adc.c.obj
 .text.LL_ADC_Enable
                0x0800100c       0x26 cmake/stm32cubemx/CMakeFiles/STM32_Drivers.dir/__/__/Drivers/STM32G4xx_HAL_Driver/Src/stm32g4xx_hal_adc.c.obj
 .text.LL_ADC_Disable
                0x08001032       0x26 cmake/stm32cubemx/CMakeFiles/STM32_Drivers.dir/__/__/Drivers/STM32G4xx_HAL_Driver/Src/stm32g4xx_hal_adc.c.obj
 .text.LL_ADC_IsEnabled
                0x08001058       0x24 cmake/stm32cubemx/CMakeFiles/STM32_Drivers.dir/__/__/Drivers/STM32G4xx_HAL_Driver/Src/stm32g4xx_hal_adc.c.obj
 .text.LL_ADC_IsDisableOngoing
                0x0800107c       0x24 cmake/stm32cubemx/CMakeFiles/STM32_Drivers.dir/__/__/Drivers/STM32G4xx_HAL_Driver/Src/stm32g4xx_hal_adc.c.obj
 .text.LL_ADC_REG_StartConversion
                0x080010a0       0x26 cmake/stm32cubemx/CMakeFiles/STM32_Drivers.dir/__/__/Drivers/STM32G4xx_HAL_Driver/Src/stm32g4xx_hal_adc.c.obj
 .text.LL_ADC_REG_StopConversion
                0x080010c6       0x26 cmake/stm32cubemx/CMakeFiles/STM32_Drivers.dir/__/__/Drivers/STM32G4xx_HAL_Driver/Src/stm32g4xx_hal_adc.c.obj
 .text.LL_ADC_REG_IsConversionOngoing
                0x080010ec       0x24 cmake/stm32cubemx/CMakeFiles/STM32_Drivers.dir/__/__/Drivers/STM32G4xx_HAL_Driver/Src/stm32g4xx_hal_adc.c.obj
 .text.LL_ADC_INJ_StopConversion
                0x08001110       0x26 cmake/stm32cubemx/CMakeFiles/STM32_Drivers.dir/__/__/Drivers/STM32G4xx_HAL_Driver/Src/stm32g4xx_hal_adc.c.obj
 .text.LL_ADC_INJ_IsConversionOngoing
                0x08001136       0x24 cmake/stm32cubemx/CMakeFiles/STM32_Drivers.dir/__/__/Drivers/STM32G4xx_HAL_Driver/Src/stm32g4xx_hal_adc.c.obj
 *fill*         0x0800115a        0x2 
 .text.HAL_ADC_Init
                0x0800115c      0x308 cmake/stm32cubemx/CMakeFiles/STM32_Drivers.dir/__/__/Drivers/STM32G4xx_HAL_Driver/Src/stm32g4xx_hal_adc.c.obj
                0x0800115c                HAL_ADC_Init
 .text.HAL_ADC_Start
                0x08001464      0x178 cmake/stm32cubemx/CMakeFiles/STM32_Drivers.dir/__/__/Drivers/STM32G4xx_HAL_Driver/Src/stm32g4xx_hal_adc.c.obj
                0x08001464                HAL_ADC_Start
 .text.HAL_ADC_Stop
                0x080015dc       0x66 cmake/stm32cubemx/CMakeFiles/STM32_Drivers.dir/__/__/Drivers/STM32G4xx_HAL_Driver/Src/stm32g4xx_hal_adc.c.obj
                0x080015dc                HAL_ADC_Stop
 *fill*         0x08001642        0x2 
 .text.HAL_ADC_PollForConversion
                0x08001644      0x1b0 cmake/stm32cubemx/CMakeFiles/STM32_Drivers.dir/__/__/Drivers/STM32G4xx_HAL_Driver/Src/stm32g4xx_hal_adc.c.obj
                0x08001644                HAL_ADC_PollForConversion
 .text.HAL_ADC_GetValue
                0x080017f4       0x18 cmake/stm32cubemx/CMakeFiles/STM32_Drivers.dir/__/__/Drivers/STM32G4xx_HAL_Driver/Src/stm32g4xx_hal_adc.c.obj
                0x080017f4                HAL_ADC_GetValue
 .text.HAL_ADC_ConfigChannel
                0x0800180c      0x7e4 cmake/stm32cubemx/CMakeFiles/STM32_Drivers.dir/__/__/Drivers/STM32G4xx_HAL_Driver/Src/stm32g4xx_hal_adc.c.obj
                0x0800180c                HAL_ADC_ConfigChannel
 .text.ADC_ConversionStop
                0x08001ff0      0x178 cmake/stm32cubemx/CMakeFiles/STM32_Drivers.dir/__/__/Drivers/STM32G4xx_HAL_Driver/Src/stm32g4xx_hal_adc.c.obj
                0x08001ff0                ADC_ConversionStop
 .text.ADC_Enable
                0x08002168      0x10c cmake/stm32cubemx/CMakeFiles/STM32_Drivers.dir/__/__/Drivers/STM32G4xx_HAL_Driver/Src/stm32g4xx_hal_adc.c.obj
                0x08002168                ADC_Enable
 .text.ADC_Disable
                0x08002274       0xbe cmake/stm32cubemx/CMakeFiles/STM32_Drivers.dir/__/__/Drivers/STM32G4xx_HAL_Driver/Src/stm32g4xx_hal_adc.c.obj
                0x08002274                ADC_Disable
 .text.LL_ADC_IsEnabled
                0x08002332       0x24 cmake/stm32cubemx/CMakeFiles/STM32_Drivers.dir/__/__/Drivers/STM32G4xx_HAL_Driver/Src/stm32g4xx_hal_adc_ex.c.obj
 .text.LL_ADC_REG_IsConversionOngoing
                0x08002356       0x24 cmake/stm32cubemx/CMakeFiles/STM32_Drivers.dir/__/__/Drivers/STM32G4xx_HAL_Driver/Src/stm32g4xx_hal_adc_ex.c.obj
 *fill*         0x0800237a        0x2 
 .text.HAL_ADCEx_MultiModeConfigChannel
                0x0800237c      0x148 cmake/stm32cubemx/CMakeFiles/STM32_Drivers.dir/__/__/Drivers/STM32G4xx_HAL_Driver/Src/stm32g4xx_hal_adc_ex.c.obj
                0x0800237c                HAL_ADCEx_MultiModeConfigChannel
 .text.HAL_Init
                0x080024c4       0x30 cmake/stm32cubemx/CMakeFiles/STM32_Drivers.dir/__/__/Drivers/STM32G4xx_HAL_Driver/Src/stm32g4xx_hal.c.obj
                0x080024c4                HAL_Init
 .text.HAL_InitTick
                0x080024f4       0x74 cmake/stm32cubemx/CMakeFiles/STM32_Drivers.dir/__/__/Drivers/STM32G4xx_HAL_Driver/Src/stm32g4xx_hal.c.obj
                0x080024f4                HAL_InitTick
 .text.HAL_IncTick
                0x08002568       0x24 cmake/stm32cubemx/CMakeFiles/STM32_Drivers.dir/__/__/Drivers/STM32G4xx_HAL_Driver/Src/stm32g4xx_hal.c.obj
                0x08002568                HAL_IncTick
 .text.HAL_GetTick
                0x0800258c       0x14 cmake/stm32cubemx/CMakeFiles/STM32_Drivers.dir/__/__/Drivers/STM32G4xx_HAL_Driver/Src/stm32g4xx_hal.c.obj
                0x0800258c                HAL_GetTick
 .text.HAL_Delay
                0x080025a0       0x44 cmake/stm32cubemx/CMakeFiles/STM32_Drivers.dir/__/__/Drivers/STM32G4xx_HAL_Driver/Src/stm32g4xx_hal.c.obj
                0x080025a0                HAL_Delay
 .text.HAL_RCC_OscConfig
                0x080025e4      0x624 cmake/stm32cubemx/CMakeFiles/STM32_Drivers.dir/__/__/Drivers/STM32G4xx_HAL_Driver/Src/stm32g4xx_hal_rcc.c.obj
                0x080025e4                HAL_RCC_OscConfig
 .text.HAL_RCC_ClockConfig
                0x08002c08      0x278 cmake/stm32cubemx/CMakeFiles/STM32_Drivers.dir/__/__/Drivers/STM32G4xx_HAL_Driver/Src/stm32g4xx_hal_rcc.c.obj
                0x08002c08                HAL_RCC_ClockConfig
 .text.HAL_RCC_GetSysClockFreq
                0x08002e80       0xc0 cmake/stm32cubemx/CMakeFiles/STM32_Drivers.dir/__/__/Drivers/STM32G4xx_HAL_Driver/Src/stm32g4xx_hal_rcc.c.obj
                0x08002e80                HAL_RCC_GetSysClockFreq
 .text.HAL_RCC_GetHCLKFreq
                0x08002f40       0x14 cmake/stm32cubemx/CMakeFiles/STM32_Drivers.dir/__/__/Drivers/STM32G4xx_HAL_Driver/Src/stm32g4xx_hal_rcc.c.obj
                0x08002f40                HAL_RCC_GetHCLKFreq
 .text.HAL_RCC_GetPCLK1Freq
                0x08002f54       0x2c cmake/stm32cubemx/CMakeFiles/STM32_Drivers.dir/__/__/Drivers/STM32G4xx_HAL_Driver/Src/stm32g4xx_hal_rcc.c.obj
                0x08002f54                HAL_RCC_GetPCLK1Freq
 .text.HAL_RCC_GetPCLK2Freq
                0x08002f80       0x2c cmake/stm32cubemx/CMakeFiles/STM32_Drivers.dir/__/__/Drivers/STM32G4xx_HAL_Driver/Src/stm32g4xx_hal_rcc.c.obj
                0x08002f80                HAL_RCC_GetPCLK2Freq
 .text.RCC_GetSysClockFreqFromPLLSource
                0x08002fac       0x8c cmake/stm32cubemx/CMakeFiles/STM32_Drivers.dir/__/__/Drivers/STM32G4xx_HAL_Driver/Src/stm32g4xx_hal_rcc.c.obj
 .text.HAL_RCCEx_PeriphCLKConfig
                0x08003038      0x3e0 cmake/stm32cubemx/CMakeFiles/STM32_Drivers.dir/__/__/Drivers/STM32G4xx_HAL_Driver/Src/stm32g4xx_hal_rcc_ex.c.obj
                0x08003038                HAL_RCCEx_PeriphCLKConfig
 .text.HAL_GPIO_Init
                0x08003418      0x318 cmake/stm32cubemx/CMakeFiles/STM32_Drivers.dir/__/__/Drivers/STM32G4xx_HAL_Driver/Src/stm32g4xx_hal_gpio.c.obj
                0x08003418                HAL_GPIO_Init
 .text.HAL_GPIO_ReadPin
                0x08003730       0x2e cmake/stm32cubemx/CMakeFiles/STM32_Drivers.dir/__/__/Drivers/STM32G4xx_HAL_Driver/Src/stm32g4xx_hal_gpio.c.obj
                0x08003730                HAL_GPIO_ReadPin
 .text.HAL_GPIO_WritePin
                0x0800375e       0x2e cmake/stm32cubemx/CMakeFiles/STM32_Drivers.dir/__/__/Drivers/STM32G4xx_HAL_Driver/Src/stm32g4xx_hal_gpio.c.obj
                0x0800375e                HAL_GPIO_WritePin
 .text.HAL_PWREx_ControlVoltageScaling
                0x0800378c      0x148 cmake/stm32cubemx/CMakeFiles/STM32_Drivers.dir/__/__/Drivers/STM32G4xx_HAL_Driver/Src/stm32g4xx_hal_pwr_ex.c.obj
                0x0800378c                HAL_PWREx_ControlVoltageScaling
 .text.HAL_PWREx_DisableUCPDDeadBattery
                0x080038d4       0x1c cmake/stm32cubemx/CMakeFiles/STM32_Drivers.dir/__/__/Drivers/STM32G4xx_HAL_Driver/Src/stm32g4xx_hal_pwr_ex.c.obj
                0x080038d4                HAL_PWREx_DisableUCPDDeadBattery
 .text.__NVIC_SetPriorityGrouping
                0x080038f0       0x48 cmake/stm32cubemx/CMakeFiles/STM32_Drivers.dir/__/__/Drivers/STM32G4xx_HAL_Driver/Src/stm32g4xx_hal_cortex.c.obj
 .text.__NVIC_GetPriorityGrouping
                0x08003938       0x1c cmake/stm32cubemx/CMakeFiles/STM32_Drivers.dir/__/__/Drivers/STM32G4xx_HAL_Driver/Src/stm32g4xx_hal_cortex.c.obj
 .text.__NVIC_SetPriority
                0x08003954       0x54 cmake/stm32cubemx/CMakeFiles/STM32_Drivers.dir/__/__/Drivers/STM32G4xx_HAL_Driver/Src/stm32g4xx_hal_cortex.c.obj
 .text.NVIC_EncodePriority
                0x080039a8       0x6e cmake/stm32cubemx/CMakeFiles/STM32_Drivers.dir/__/__/Drivers/STM32G4xx_HAL_Driver/Src/stm32g4xx_hal_cortex.c.obj
 *fill*         0x08003a16        0x2 
 .text.SysTick_Config
                0x08003a18       0x44 cmake/stm32cubemx/CMakeFiles/STM32_Drivers.dir/__/__/Drivers/STM32G4xx_HAL_Driver/Src/stm32g4xx_hal_cortex.c.obj
 .text.HAL_NVIC_SetPriorityGrouping
                0x08003a5c       0x16 cmake/stm32cubemx/CMakeFiles/STM32_Drivers.dir/__/__/Drivers/STM32G4xx_HAL_Driver/Src/stm32g4xx_hal_cortex.c.obj
                0x08003a5c                HAL_NVIC_SetPriorityGrouping
 .text.HAL_NVIC_SetPriority
                0x08003a72       0x34 cmake/stm32cubemx/CMakeFiles/STM32_Drivers.dir/__/__/Drivers/STM32G4xx_HAL_Driver/Src/stm32g4xx_hal_cortex.c.obj
                0x08003a72                HAL_NVIC_SetPriority
 .text.HAL_SYSTICK_Config
                0x08003aa6       0x18 cmake/stm32cubemx/CMakeFiles/STM32_Drivers.dir/__/__/Drivers/STM32G4xx_HAL_Driver/Src/stm32g4xx_hal_cortex.c.obj
                0x08003aa6                HAL_SYSTICK_Config
 *fill*         0x08003abe        0x2 
 .text.HAL_FDCAN_Init
                0x08003ac0      0x2b4 cmake/stm32cubemx/CMakeFiles/STM32_Drivers.dir/__/__/Drivers/STM32G4xx_HAL_Driver/Src/stm32g4xx_hal_fdcan.c.obj
                0x08003ac0                HAL_FDCAN_Init
 .text.FDCAN_CalcultateRamBlockAddresses
                0x08003d74       0xac cmake/stm32cubemx/CMakeFiles/STM32_Drivers.dir/__/__/Drivers/STM32G4xx_HAL_Driver/Src/stm32g4xx_hal_fdcan.c.obj
 .text.HAL_TIM_PWM_Init
                0x08003e20       0xae cmake/stm32cubemx/CMakeFiles/STM32_Drivers.dir/__/__/Drivers/STM32G4xx_HAL_Driver/Src/stm32g4xx_hal_tim.c.obj
                0x08003e20                HAL_TIM_PWM_Init
 .text.HAL_TIM_PWM_ConfigChannel
                0x08003ece      0x20e cmake/stm32cubemx/CMakeFiles/STM32_Drivers.dir/__/__/Drivers/STM32G4xx_HAL_Driver/Src/stm32g4xx_hal_tim.c.obj
                0x08003ece                HAL_TIM_PWM_ConfigChannel
 .text.TIM_Base_SetConfig
                0x080040dc      0x128 cmake/stm32cubemx/CMakeFiles/STM32_Drivers.dir/__/__/Drivers/STM32G4xx_HAL_Driver/Src/stm32g4xx_hal_tim.c.obj
                0x080040dc                TIM_Base_SetConfig
 .text.TIM_OC1_SetConfig
                0x08004204      0x124 cmake/stm32cubemx/CMakeFiles/STM32_Drivers.dir/__/__/Drivers/STM32G4xx_HAL_Driver/Src/stm32g4xx_hal_tim.c.obj
 .text.TIM_OC2_SetConfig
                0x08004328      0x114 cmake/stm32cubemx/CMakeFiles/STM32_Drivers.dir/__/__/Drivers/STM32G4xx_HAL_Driver/Src/stm32g4xx_hal_tim.c.obj
                0x08004328                TIM_OC2_SetConfig
 .text.TIM_OC3_SetConfig
                0x0800443c      0x114 cmake/stm32cubemx/CMakeFiles/STM32_Drivers.dir/__/__/Drivers/STM32G4xx_HAL_Driver/Src/stm32g4xx_hal_tim.c.obj
 .text.TIM_OC4_SetConfig
                0x08004550      0x114 cmake/stm32cubemx/CMakeFiles/STM32_Drivers.dir/__/__/Drivers/STM32G4xx_HAL_Driver/Src/stm32g4xx_hal_tim.c.obj
 .text.TIM_OC5_SetConfig
                0x08004664       0xc8 cmake/stm32cubemx/CMakeFiles/STM32_Drivers.dir/__/__/Drivers/STM32G4xx_HAL_Driver/Src/stm32g4xx_hal_tim.c.obj
 .text.TIM_OC6_SetConfig
                0x0800472c       0xc8 cmake/stm32cubemx/CMakeFiles/STM32_Drivers.dir/__/__/Drivers/STM32G4xx_HAL_Driver/Src/stm32g4xx_hal_tim.c.obj
 .text.HAL_TIMEx_MasterConfigSynchronization
                0x080047f4      0x104 cmake/stm32cubemx/CMakeFiles/STM32_Drivers.dir/__/__/Drivers/STM32G4xx_HAL_Driver/Src/stm32g4xx_hal_tim_ex.c.obj
                0x080047f4                HAL_TIMEx_MasterConfigSynchronization
 .text.HAL_UART_Init
                0x080048f8       0xa0 cmake/stm32cubemx/CMakeFiles/STM32_Drivers.dir/__/__/Drivers/STM32G4xx_HAL_Driver/Src/stm32g4xx_hal_uart.c.obj
                0x080048f8                HAL_UART_Init
 .text.UART_SetConfig
                0x08004998      0x540 cmake/stm32cubemx/CMakeFiles/STM32_Drivers.dir/__/__/Drivers/STM32G4xx_HAL_Driver/Src/stm32g4xx_hal_uart.c.obj
                0x08004998                UART_SetConfig
 .text.UART_AdvFeatureConfig
                0x08004ed8      0x142 cmake/stm32cubemx/CMakeFiles/STM32_Drivers.dir/__/__/Drivers/STM32G4xx_HAL_Driver/Src/stm32g4xx_hal_uart.c.obj
                0x08004ed8                UART_AdvFeatureConfig
 .text.UART_CheckIdleState
                0x0800501a      0x154 cmake/stm32cubemx/CMakeFiles/STM32_Drivers.dir/__/__/Drivers/STM32G4xx_HAL_Driver/Src/stm32g4xx_hal_uart.c.obj
                0x0800501a                UART_CheckIdleState
 .text.UART_WaitOnFlagUntilTimeout
                0x0800516e       0xda cmake/stm32cubemx/CMakeFiles/STM32_Drivers.dir/__/__/Drivers/STM32G4xx_HAL_Driver/Src/stm32g4xx_hal_uart.c.obj
                0x0800516e                UART_WaitOnFlagUntilTimeout
 .text.UART_EndRxTransfer
                0x08005248       0xca cmake/stm32cubemx/CMakeFiles/STM32_Drivers.dir/__/__/Drivers/STM32G4xx_HAL_Driver/Src/stm32g4xx_hal_uart.c.obj
 .text.HAL_UARTEx_DisableFifoMode
                0x08005312       0x70 cmake/stm32cubemx/CMakeFiles/STM32_Drivers.dir/__/__/Drivers/STM32G4xx_HAL_Driver/Src/stm32g4xx_hal_uart_ex.c.obj
                0x08005312                HAL_UARTEx_DisableFifoMode
 .text.HAL_UARTEx_SetTxFifoThreshold
                0x08005382       0x7c cmake/stm32cubemx/CMakeFiles/STM32_Drivers.dir/__/__/Drivers/STM32G4xx_HAL_Driver/Src/stm32g4xx_hal_uart_ex.c.obj
                0x08005382                HAL_UARTEx_SetTxFifoThreshold
 .text.HAL_UARTEx_SetRxFifoThreshold
                0x080053fe       0x7c cmake/stm32cubemx/CMakeFiles/STM32_Drivers.dir/__/__/Drivers/STM32G4xx_HAL_Driver/Src/stm32g4xx_hal_uart_ex.c.obj
                0x080053fe                HAL_UARTEx_SetRxFifoThreshold
 *fill*         0x0800547a        0x2 
 .text.UARTEx_SetNbDataToProcess
                0x0800547c       0x98 cmake/stm32cubemx/CMakeFiles/STM32_Drivers.dir/__/__/Drivers/STM32G4xx_HAL_Driver/Src/stm32g4xx_hal_uart_ex.c.obj
 .text.ITM_SendChar
                0x08005514       0x4c CMakeFiles/PDM_M26.dir/Core/Src/main.c.obj
 .text._write   0x08005560       0x38 CMakeFiles/PDM_M26.dir/Core/Src/main.c.obj
                0x08005560                _write
 .text.main     0x08005598      0x410 CMakeFiles/PDM_M26.dir/Core/Src/main.c.obj
                0x08005598                main
 .text.SystemClock_Config
                0x080059a8       0x80 CMakeFiles/PDM_M26.dir/Core/Src/main.c.obj
                0x080059a8                SystemClock_Config
 .text.MX_ADC1_Init
                0x08005a28      0x150 CMakeFiles/PDM_M26.dir/Core/Src/main.c.obj
 .text.MX_ADC2_Init
                0x08005b78      0x12c CMakeFiles/PDM_M26.dir/Core/Src/main.c.obj
 .text.MX_FDCAN1_Init
                0x08005ca4       0x8c CMakeFiles/PDM_M26.dir/Core/Src/main.c.obj
 .text.MX_TIM3_Init
                0x08005d30       0xb0 CMakeFiles/PDM_M26.dir/Core/Src/main.c.obj
 .text.MX_USART1_UART_Init
                0x08005de0       0x98 CMakeFiles/PDM_M26.dir/Core/Src/main.c.obj
 .text.MX_GPIO_Init
                0x08005e78       0xf8 CMakeFiles/PDM_M26.dir/Core/Src/main.c.obj
 .text.ReadADC1_AllChannels
                0x08005f70       0x54 CMakeFiles/PDM_M26.dir/Core/Src/main.c.obj
 .text.ReadADC2_AllChannels
                0x08005fc4       0x54 CMakeFiles/PDM_M26.dir/Core/Src/main.c.obj
 .text.RawToVoltage
                0x08006018       0x3c CMakeFiles/PDM_M26.dir/Core/Src/main.c.obj
 .text.Error_Handler
                0x08006054        0xc CMakeFiles/PDM_M26.dir/Core/Src/main.c.obj
                0x08006054                Error_Handler
 .text.NMI_Handler
                0x08006060        0x8 CMakeFiles/PDM_M26.dir/Core/Src/stm32g4xx_it.c.obj
                0x08006060                NMI_Handler
 .text.HardFault_Handler
                0x08006068        0x8 CMakeFiles/PDM_M26.dir/Core/Src/stm32g4xx_it.c.obj
                0x08006068                HardFault_Handler
 .text.MemManage_Handler
                0x08006070        0x8 CMakeFiles/PDM_M26.dir/Core/Src/stm32g4xx_it.c.obj
                0x08006070                MemManage_Handler
 .text.BusFault_Handler
                0x08006078        0x8 CMakeFiles/PDM_M26.dir/Core/Src/stm32g4xx_it.c.obj
                0x08006078                BusFault_Handler
 .text.UsageFault_Handler
                0x08006080        0x8 CMakeFiles/PDM_M26.dir/Core/Src/stm32g4xx_it.c.obj
                0x08006080                UsageFault_Handler
 .text.SVC_Handler
                0x08006088        0xc CMakeFiles/PDM_M26.dir/Core/Src/stm32g4xx_it.c.obj
                0x08006088                SVC_Handler
 .text.DebugMon_Handler
                0x08006094        0xc CMakeFiles/PDM_M26.dir/Core/Src/stm32g4xx_it.c.obj
                0x08006094                DebugMon_Handler
 .text.PendSV_Handler
                0x080060a0        0xc CMakeFiles/PDM_M26.dir/Core/Src/stm32g4xx_it.c.obj
                0x080060a0                PendSV_Handler
 .text.SysTick_Handler
                0x080060ac        0xc CMakeFiles/PDM_M26.dir/Core/Src/stm32g4xx_it.c.obj
                0x080060ac                SysTick_Handler
 .text.HAL_MspInit
                0x080060b8       0x48 CMakeFiles/PDM_M26.dir/Core/Src/stm32g4xx_hal_msp.c.obj
                0x080060b8                HAL_MspInit
 .text.HAL_ADC_MspInit
                0x08006100      0x148 CMakeFiles/PDM_M26.dir/Core/Src/stm32g4xx_hal_msp.c.obj
                0x08006100                HAL_ADC_MspInit
 .text.HAL_FDCAN_MspInit
                0x08006248       0xb4 CMakeFiles/PDM_M26.dir/Core/Src/stm32g4xx_hal_msp.c.obj
                0x08006248                HAL_FDCAN_MspInit
 .text.HAL_TIM_PWM_MspInit
                0x080062fc       0x3c CMakeFiles/PDM_M26.dir/Core/Src/stm32g4xx_hal_msp.c.obj
                0x080062fc                HAL_TIM_PWM_MspInit
 .text.HAL_UART_MspInit
                0x08006338       0xb0 CMakeFiles/PDM_M26.dir/Core/Src/stm32g4xx_hal_msp.c.obj
                0x08006338                HAL_UART_MspInit
 .text._sbrk    0x080063e8       0x6c CMakeFiles/PDM_M26.dir/Core/Src/sysmem.c.obj
                0x080063e8                _sbrk
 .text._getpid  0x08006454        0xe CMakeFiles/PDM_M26.dir/Core/Src/syscalls.c.obj
                0x08006454                _getpid
 .text._kill    0x08006462       0x20 CMakeFiles/PDM_M26.dir/Core/Src/syscalls.c.obj
                0x08006462                _kill
 .text._exit    0x08006482       0x16 CMakeFiles/PDM_M26.dir/Core/Src/syscalls.c.obj
                0x08006482                _exit
 .text._read    0x08006498       0x3a CMakeFiles/PDM_M26.dir/Core/Src/syscalls.c.obj
                0x08006498                _read
 .text._close   0x080064d2       0x16 CMakeFiles/PDM_M26.dir/Core/Src/syscalls.c.obj
                0x080064d2                _close
 .text._fstat   0x080064e8       0x1e CMakeFiles/PDM_M26.dir/Core/Src/syscalls.c.obj
                0x080064e8                _fstat
 .text._isatty  0x08006506       0x14 CMakeFiles/PDM_M26.dir/Core/Src/syscalls.c.obj
                0x08006506                _isatty
 .text._lseek   0x0800651a       0x18 CMakeFiles/PDM_M26.dir/Core/Src/syscalls.c.obj
                0x0800651a                _lseek
 *fill*         0x08006532        0x2 
 .text.Reset_Handler
                0x08006534       0x50 CMakeFiles/PDM_M26.dir/startup_stm32g431xx.s.obj
                0x08006534                Reset_Handler
 .text.Default_Handler
                0x08006584        0x2 CMakeFiles/PDM_M26.dir/startup_stm32g431xx.s.obj
                0x08006584                TIM1_BRK_TIM15_IRQHandler
                0x08006584                EXTI2_IRQHandler
                0x08006584                TIM8_TRG_COM_IRQHandler
                0x08006584                TIM8_CC_IRQHandler
                0x08006584                TIM1_CC_IRQHandler
                0x08006584                USB_HP_IRQHandler
                0x08006584                CORDIC_IRQHandler
                0x08006584                EXTI3_IRQHandler
                0x08006584                I2C3_ER_IRQHandler
                0x08006584                EXTI0_IRQHandler
                0x08006584                I2C2_EV_IRQHandler
                0x08006584                FPU_IRQHandler
                0x08006584                FDCAN1_IT1_IRQHandler
                0x08006584                TIM1_UP_TIM16_IRQHandler
                0x08006584                ADC1_2_IRQHandler
                0x08006584                SPI1_IRQHandler
                0x08006584                TIM6_DAC_IRQHandler
                0x08006584                TIM8_UP_IRQHandler
                0x08006584                DMA2_Channel2_IRQHandler
                0x08006584                DMA1_Channel4_IRQHandler
                0x08006584                USART3_IRQHandler
                0x08006584                TIM4_IRQHandler
                0x08006584                DMA2_Channel1_IRQHandler
                0x08006584                I2C1_EV_IRQHandler
                0x08006584                DMA1_Channel6_IRQHandler
                0x08006584                UART4_IRQHandler
                0x08006584                DMA2_Channel4_IRQHandler
                0x08006584                TIM3_IRQHandler
                0x08006584                RCC_IRQHandler
                0x08006584                DMA1_Channel1_IRQHandler
                0x08006584                Default_Handler
                0x08006584                RTC_TAMP_LSECSS_IRQHandler
                0x08006584                FMAC_IRQHandler
                0x08006584                EXTI15_10_IRQHandler
                0x08006584                TIM7_IRQHandler
                0x08006584                UCPD1_IRQHandler
                0x08006584                I2C3_EV_IRQHandler
                0x08006584                EXTI9_5_IRQHandler
                0x08006584                RTC_WKUP_IRQHandler
                0x08006584                PVD_PVM_IRQHandler
                0x08006584                SPI2_IRQHandler
                0x08006584                DMA2_Channel5_IRQHandler
                0x08006584                CRS_IRQHandler
                0x08006584                DMA1_Channel5_IRQHandler
                0x08006584                USB_LP_IRQHandler
                0x08006584                EXTI4_IRQHandler
                0x08006584                RNG_IRQHandler
                0x08006584                TIM1_TRG_COM_TIM17_IRQHandler
                0x08006584                DMA1_Channel3_IRQHandler
                0x08006584                WWDG_IRQHandler
                0x08006584                LPUART1_IRQHandler
                0x08006584                DMA2_Channel6_IRQHandler
                0x08006584                FDCAN1_IT0_IRQHandler
                0x08006584                TIM2_IRQHandler
                0x08006584                COMP1_2_3_IRQHandler
                0x08006584                EXTI1_IRQHandler
                0x08006584                USART2_IRQHandler
                0x08006584                I2C2_ER_IRQHandler
                0x08006584                DMA1_Channel2_IRQHandler
                0x08006584                TIM8_BRK_IRQHandler
                0x08006584                FLASH_IRQHandler
                0x08006584                USART1_IRQHandler
                0x08006584                SPI3_IRQHandler
                0x08006584                I2C1_ER_IRQHandler
                0x08006584                LPTIM1_IRQHandler
                0x08006584                DMAMUX_OVR_IRQHandler
                0x08006584                USBWakeUp_IRQHandler
                0x08006584                SAI1_IRQHandler
                0x08006584                DMA2_Channel3_IRQHandler
                0x08006584                COMP4_IRQHandler
                0x08006584                RTC_Alarm_IRQHandler
 *fill*         0x08006586        0x2 
 .text.__udivmoddi4
                0x08006588      0x320 /Applications/ArmGNUToolchain/15.3.rel1/arm-none-eabi/bin/../lib/gcc/arm-none-eabi/15.3.1/thumb/v7e-m+fp/hard/libgcc.a(_udivmoddi4.o)
                0x08006588                __udivmoddi4
 .text.__cvt    0x080068a8       0xbe /Applications/ArmGNUToolchain/15.3.rel1/arm-none-eabi/bin/../lib/gcc/arm-none-eabi/15.3.1/../../../../arm-none-eabi/lib/thumb/v7e-m+fp/hard/libg_nano.a(libc_a-nano-vfprintf_float.o)
                0x080068a8                __cvt
 .text.__exponent
                0x08006966       0x76 /Applications/ArmGNUToolchain/15.3.rel1/arm-none-eabi/bin/../lib/gcc/arm-none-eabi/15.3.1/../../../../arm-none-eabi/lib/thumb/v7e-m+fp/hard/libg_nano.a(libc_a-nano-vfprintf_float.o)
                0x08006966                __exponent
 .text._printf_float
                0x080069dc      0x448 /Applications/ArmGNUToolchain/15.3.rel1/arm-none-eabi/bin/../lib/gcc/arm-none-eabi/15.3.1/../../../../arm-none-eabi/lib/thumb/v7e-m+fp/hard/libg_nano.a(libc_a-nano-vfprintf_float.o)
                0x080069dc                _printf_float
 .text._printf_common
                0x08006e24       0xea /Applications/ArmGNUToolchain/15.3.rel1/arm-none-eabi/bin/../lib/gcc/arm-none-eabi/15.3.1/../../../../arm-none-eabi/lib/thumb/v7e-m+fp/hard/libg_nano.a(libc_a-nano-vfprintf_i.o)
                0x08006e24                _printf_common
 *fill*         0x08006f0e        0x2 
 .text._printf_i
                0x08006f10      0x254 /Applications/ArmGNUToolchain/15.3.rel1/arm-none-eabi/bin/../lib/gcc/arm-none-eabi/15.3.1/../../../../arm-none-eabi/lib/thumb/v7e-m+fp/hard/libg_nano.a(libc_a-nano-vfprintf_i.o)
                0x08006f10                _printf_i
 .text.setvbuf  0x08007164      0x168 /Applications/ArmGNUToolchain/15.3.rel1/arm-none-eabi/bin/../lib/gcc/arm-none-eabi/15.3.1/../../../../arm-none-eabi/lib/thumb/v7e-m+fp/hard/libg_nano.a(libc_a-setvbuf.o)
                0x08007164                setvbuf
 .text.__sflush_r
                0x080072cc      0x100 /Applications/ArmGNUToolchain/15.3.rel1/arm-none-eabi/bin/../lib/gcc/arm-none-eabi/15.3.1/../../../../arm-none-eabi/lib/thumb/v7e-m+fp/hard/libg_nano.a(libc_a-fflush.o)
                0x080072cc                __sflush_r
 .text._fflush_r
                0x080073cc       0x50 /Applications/ArmGNUToolchain/15.3.rel1/arm-none-eabi/bin/../lib/gcc/arm-none-eabi/15.3.1/../../../../arm-none-eabi/lib/thumb/v7e-m+fp/hard/libg_nano.a(libc_a-fflush.o)
                0x080073cc                _fflush_r
 .text.fflush   0x0800741c       0x28 /Applications/ArmGNUToolchain/15.3.rel1/arm-none-eabi/bin/../lib/gcc/arm-none-eabi/15.3.1/../../../../arm-none-eabi/lib/thumb/v7e-m+fp/hard/libg_nano.a(libc_a-fflush.o)
                0x0800741c                fflush
 .text.std      0x08007444       0x6c /Applications/ArmGNUToolchain/15.3.rel1/arm-none-eabi/bin/../lib/gcc/arm-none-eabi/15.3.1/../../../../arm-none-eabi/lib/thumb/v7e-m+fp/hard/libg_nano.a(libc_a-findfp.o)
 .text.stdio_exit_handler
                0x080074b0       0x18 /Applications/ArmGNUToolchain/15.3.rel1/arm-none-eabi/bin/../lib/gcc/arm-none-eabi/15.3.1/../../../../arm-none-eabi/lib/thumb/v7e-m+fp/hard/libg_nano.a(libc_a-findfp.o)
 .text.cleanup_stdio
                0x080074c8       0x40 /Applications/ArmGNUToolchain/15.3.rel1/arm-none-eabi/bin/../lib/gcc/arm-none-eabi/15.3.1/../../../../arm-none-eabi/lib/thumb/v7e-m+fp/hard/libg_nano.a(libc_a-findfp.o)
 .text.global_stdio_init.part.0
                0x08007508       0x40 /Applications/ArmGNUToolchain/15.3.rel1/arm-none-eabi/bin/../lib/gcc/arm-none-eabi/15.3.1/../../../../arm-none-eabi/lib/thumb/v7e-m+fp/hard/libg_nano.a(libc_a-findfp.o)
 .text.__sfp_lock_acquire
                0x08007548        0xc /Applications/ArmGNUToolchain/15.3.rel1/arm-none-eabi/bin/../lib/gcc/arm-none-eabi/15.3.1/../../../../arm-none-eabi/lib/thumb/v7e-m+fp/hard/libg_nano.a(libc_a-findfp.o)
                0x08007548                __sfp_lock_acquire
 .text.__sfp_lock_release
                0x08007554        0xc /Applications/ArmGNUToolchain/15.3.rel1/arm-none-eabi/bin/../lib/gcc/arm-none-eabi/15.3.1/../../../../arm-none-eabi/lib/thumb/v7e-m+fp/hard/libg_nano.a(libc_a-findfp.o)
                0x08007554                __sfp_lock_release
 .text.__sinit  0x08007560       0x30 /Applications/ArmGNUToolchain/15.3.rel1/arm-none-eabi/bin/../lib/gcc/arm-none-eabi/15.3.1/../../../../arm-none-eabi/lib/thumb/v7e-m+fp/hard/libg_nano.a(libc_a-findfp.o)
                0x08007560                __sinit
 .text._fwalk_sglue
                0x08007590       0x3a /Applications/ArmGNUToolchain/15.3.rel1/arm-none-eabi/bin/../lib/gcc/arm-none-eabi/15.3.1/../../../../arm-none-eabi/lib/thumb/v7e-m+fp/hard/libg_nano.a(libc_a-fwalk.o)
                0x08007590                _fwalk_sglue
 .text.__swhatbuf_r
                0x080075ca       0x48 /Applications/ArmGNUToolchain/15.3.rel1/arm-none-eabi/bin/../lib/gcc/arm-none-eabi/15.3.1/../../../../arm-none-eabi/lib/thumb/v7e-m+fp/hard/libg_nano.a(libc_a-makebuf.o)
                0x080075ca                __swhatbuf_r
 .text.__smakebuf_r
                0x08007612       0x72 /Applications/ArmGNUToolchain/15.3.rel1/arm-none-eabi/bin/../lib/gcc/arm-none-eabi/15.3.1/../../../../arm-none-eabi/lib/thumb/v7e-m+fp/hard/libg_nano.a(libc_a-makebuf.o)
                0x08007612                __smakebuf_r
 .text.printf   0x08007684       0x24 /Applications/ArmGNUToolchain/15.3.rel1/arm-none-eabi/bin/../lib/gcc/arm-none-eabi/15.3.1/../../../../arm-none-eabi/lib/thumb/v7e-m+fp/hard/libg_nano.a(libc_a-printf.o)
                0x08007684                printf
                0x08007684                iprintf
 .text._puts_r  0x080076a8       0xaa /Applications/ArmGNUToolchain/15.3.rel1/arm-none-eabi/bin/../lib/gcc/arm-none-eabi/15.3.1/../../../../arm-none-eabi/lib/thumb/v7e-m+fp/hard/libg_nano.a(libc_a-puts.o)
                0x080076a8                _puts_r
 *fill*         0x08007752        0x2 
 .text.puts     0x08007754       0x10 /Applications/ArmGNUToolchain/15.3.rel1/arm-none-eabi/bin/../lib/gcc/arm-none-eabi/15.3.1/../../../../arm-none-eabi/lib/thumb/v7e-m+fp/hard/libg_nano.a(libc_a-puts.o)
                0x08007754                puts
 .text.memset   0x08007764       0x10 /Applications/ArmGNUToolchain/15.3.rel1/arm-none-eabi/bin/../lib/gcc/arm-none-eabi/15.3.1/../../../../arm-none-eabi/lib/thumb/v7e-m+fp/hard/libg_nano.a(libc_a-memset.o)
                0x08007764                memset
 .text._isatty_r
                0x08007774       0x20 /Applications/ArmGNUToolchain/15.3.rel1/arm-none-eabi/bin/../lib/gcc/arm-none-eabi/15.3.1/../../../../arm-none-eabi/lib/thumb/v7e-m+fp/hard/libg_nano.a(libc_a-isattyr.o)
                0x08007774                _isatty_r
 .text.__errno  0x08007794        0xc /Applications/ArmGNUToolchain/15.3.rel1/arm-none-eabi/bin/../lib/gcc/arm-none-eabi/15.3.1/../../../../arm-none-eabi/lib/thumb/v7e-m+fp/hard/libg_nano.a(libc_a-errno.o)
                0x08007794                __errno
 .text.__libc_init_array
                0x080077a0       0x48 /Applications/ArmGNUToolchain/15.3.rel1/arm-none-eabi/bin/../lib/gcc/arm-none-eabi/15.3.1/../../../../arm-none-eabi/lib/thumb/v7e-m+fp/hard/libg_nano.a(libc_a-init.o)
                0x080077a0                __libc_init_array
 .text.__retarget_lock_init_recursive
                0x080077e8        0x2 /Applications/ArmGNUToolchain/15.3.rel1/arm-none-eabi/bin/../lib/gcc/arm-none-eabi/15.3.1/../../../../arm-none-eabi/lib/thumb/v7e-m+fp/hard/libg_nano.a(libc_a-lock.o)
                0x080077e8                __retarget_lock_init_recursive
 .text.__retarget_lock_acquire_recursive
                0x080077ea        0x2 /Applications/ArmGNUToolchain/15.3.rel1/arm-none-eabi/bin/../lib/gcc/arm-none-eabi/15.3.1/../../../../arm-none-eabi/lib/thumb/v7e-m+fp/hard/libg_nano.a(libc_a-lock.o)
                0x080077ea                __retarget_lock_acquire_recursive
 .text.__retarget_lock_release_recursive
                0x080077ec        0x2 /Applications/ArmGNUToolchain/15.3.rel1/arm-none-eabi/bin/../lib/gcc/arm-none-eabi/15.3.1/../../../../arm-none-eabi/lib/thumb/v7e-m+fp/hard/libg_nano.a(libc_a-lock.o)
                0x080077ec                __retarget_lock_release_recursive
 *fill*         0x080077ee        0x2 
 .text._localeconv_r
                0x080077f0        0x8 /Applications/ArmGNUToolchain/15.3.rel1/arm-none-eabi/bin/../lib/gcc/arm-none-eabi/15.3.1/../../../../arm-none-eabi/lib/thumb/v7e-m+fp/hard/libg_nano.a(libc_a-localeconv.o)
                0x080077f0                _localeconv_r
 .text._fstat_r
                0x080077f8       0x24 /Applications/ArmGNUToolchain/15.3.rel1/arm-none-eabi/bin/../lib/gcc/arm-none-eabi/15.3.1/../../../../arm-none-eabi/lib/thumb/v7e-m+fp/hard/libg_nano.a(libc_a-fstatr.o)
                0x080077f8                _fstat_r
 .text.quorem   0x0800781c      0x110 /Applications/ArmGNUToolchain/15.3.rel1/arm-none-eabi/bin/../lib/gcc/arm-none-eabi/15.3.1/../../../../arm-none-eabi/lib/thumb/v7e-m+fp/hard/libg_nano.a(libc_a-dtoa.o)
 *fill*         0x0800792c        0x4 
 .text._dtoa_r  0x08007930      0xbac /Applications/ArmGNUToolchain/15.3.rel1/arm-none-eabi/bin/../lib/gcc/arm-none-eabi/15.3.1/../../../../arm-none-eabi/lib/thumb/v7e-m+fp/hard/libg_nano.a(libc_a-dtoa.o)
                0x08007930                _dtoa_r
 .text._free_r  0x080084dc       0x98 /Applications/ArmGNUToolchain/15.3.rel1/arm-none-eabi/bin/../lib/gcc/arm-none-eabi/15.3.1/../../../../arm-none-eabi/lib/thumb/v7e-m+fp/hard/libg_nano.a(libc_a-freer.o)
                0x080084dc                _free_r
 .text.malloc   0x08008574       0x10 /Applications/ArmGNUToolchain/15.3.rel1/arm-none-eabi/bin/../lib/gcc/arm-none-eabi/15.3.1/../../../../arm-none-eabi/lib/thumb/v7e-m+fp/hard/libg_nano.a(libc_a-malloc.o)
                0x08008574                malloc
 .text.sbrk_aligned
                0x08008584       0x44 /Applications/ArmGNUToolchain/15.3.rel1/arm-none-eabi/bin/../lib/gcc/arm-none-eabi/15.3.1/../../../../arm-none-eabi/lib/thumb/v7e-m+fp/hard/libg_nano.a(libc_a-mallocr.o)
 .text._malloc_r
                0x080085c8       0xf8 /Applications/ArmGNUToolchain/15.3.rel1/arm-none-eabi/bin/../lib/gcc/arm-none-eabi/15.3.1/../../../../arm-none-eabi/lib/thumb/v7e-m+fp/hard/libg_nano.a(libc_a-mallocr.o)
                0x080085c8                _malloc_r
 .text.__sfputc_r
                0x080086c0       0x2a /Applications/ArmGNUToolchain/15.3.rel1/arm-none-eabi/bin/../lib/gcc/arm-none-eabi/15.3.1/../../../../arm-none-eabi/lib/thumb/v7e-m+fp/hard/libg_nano.a(libc_a-nano-vfprintf.o)
 .text.__sfputs_r
                0x080086ea       0x24 /Applications/ArmGNUToolchain/15.3.rel1/arm-none-eabi/bin/../lib/gcc/arm-none-eabi/15.3.1/../../../../arm-none-eabi/lib/thumb/v7e-m+fp/hard/libg_nano.a(libc_a-nano-vfprintf.o)
                0x080086ea                __sfputs_r
 *fill*         0x0800870e        0x2 
 .text._vfprintf_r
                0x08008710      0x228 /Applications/ArmGNUToolchain/15.3.rel1/arm-none-eabi/bin/../lib/gcc/arm-none-eabi/15.3.1/../../../../arm-none-eabi/lib/thumb/v7e-m+fp/hard/libg_nano.a(libc_a-nano-vfprintf.o)
                0x08008710                _vfiprintf_r
                0x08008710                _vfprintf_r
 .text.__malloc_lock
                0x08008938        0xc /Applications/ArmGNUToolchain/15.3.rel1/arm-none-eabi/bin/../lib/gcc/arm-none-eabi/15.3.1/../../../../arm-none-eabi/lib/thumb/v7e-m+fp/hard/libg_nano.a(libc_a-mlock.o)
                0x08008938                __malloc_lock
 .text.__malloc_unlock
                0x08008944        0xc /Applications/ArmGNUToolchain/15.3.rel1/arm-none-eabi/bin/../lib/gcc/arm-none-eabi/15.3.1/../../../../arm-none-eabi/lib/thumb/v7e-m+fp/hard/libg_nano.a(libc_a-mlock.o)
                0x08008944                __malloc_unlock
 .text._Balloc  0x08008950       0x7c /Applications/ArmGNUToolchain/15.3.rel1/arm-none-eabi/bin/../lib/gcc/arm-none-eabi/15.3.1/../../../../arm-none-eabi/lib/thumb/v7e-m+fp/hard/libg_nano.a(libc_a-mprec.o)
                0x08008950                _Balloc
 .text._Bfree   0x080089cc       0x44 /Applications/ArmGNUToolchain/15.3.rel1/arm-none-eabi/bin/../lib/gcc/arm-none-eabi/15.3.1/../../../../arm-none-eabi/lib/thumb/v7e-m+fp/hard/libg_nano.a(libc_a-mprec.o)
                0x080089cc                _Bfree
 .text.__multadd
                0x08008a10       0x8c /Applications/ArmGNUToolchain/15.3.rel1/arm-none-eabi/bin/../lib/gcc/arm-none-eabi/15.3.1/../../../../arm-none-eabi/lib/thumb/v7e-m+fp/hard/libg_nano.a(libc_a-mprec.o)
                0x08008a10                __multadd
 .text.__hi0bits
                0x08008a9c       0x3c /Applications/ArmGNUToolchain/15.3.rel1/arm-none-eabi/bin/../lib/gcc/arm-none-eabi/15.3.1/../../../../arm-none-eabi/lib/thumb/v7e-m+fp/hard/libg_nano.a(libc_a-mprec.o)
                0x08008a9c                __hi0bits
 .text.__lo0bits
                0x08008ad8       0x5c /Applications/ArmGNUToolchain/15.3.rel1/arm-none-eabi/bin/../lib/gcc/arm-none-eabi/15.3.1/../../../../arm-none-eabi/lib/thumb/v7e-m+fp/hard/libg_nano.a(libc_a-mprec.o)
                0x08008ad8                __lo0bits
 .text.__i2b    0x08008b34       0x2c /Applications/ArmGNUToolchain/15.3.rel1/arm-none-eabi/bin/../lib/gcc/arm-none-eabi/15.3.1/../../../../arm-none-eabi/lib/thumb/v7e-m+fp/hard/libg_nano.a(libc_a-mprec.o)
                0x08008b34                __i2b
 .text.__multiply
                0x08008b60      0x16c /Applications/ArmGNUToolchain/15.3.rel1/arm-none-eabi/bin/../lib/gcc/arm-none-eabi/15.3.1/../../../../arm-none-eabi/lib/thumb/v7e-m+fp/hard/libg_nano.a(libc_a-mprec.o)
                0x08008b60                __multiply
 .text.__pow5mult
                0x08008ccc       0xb8 /Applications/ArmGNUToolchain/15.3.rel1/arm-none-eabi/bin/../lib/gcc/arm-none-eabi/15.3.1/../../../../arm-none-eabi/lib/thumb/v7e-m+fp/hard/libg_nano.a(libc_a-mprec.o)
                0x08008ccc                __pow5mult
 .text.__lshift
                0x08008d84       0xe4 /Applications/ArmGNUToolchain/15.3.rel1/arm-none-eabi/bin/../lib/gcc/arm-none-eabi/15.3.1/../../../../arm-none-eabi/lib/thumb/v7e-m+fp/hard/libg_nano.a(libc_a-mprec.o)
                0x08008d84                __lshift
 .text.__mcmp   0x08008e68       0x36 /Applications/ArmGNUToolchain/15.3.rel1/arm-none-eabi/bin/../lib/gcc/arm-none-eabi/15.3.1/../../../../arm-none-eabi/lib/thumb/v7e-m+fp/hard/libg_nano.a(libc_a-mprec.o)
                0x08008e68                __mcmp
 *fill*         0x08008e9e        0x2 
 .text.__mdiff  0x08008ea0      0x130 /Applications/ArmGNUToolchain/15.3.rel1/arm-none-eabi/bin/../lib/gcc/arm-none-eabi/15.3.1/../../../../arm-none-eabi/lib/thumb/v7e-m+fp/hard/libg_nano.a(libc_a-mprec.o)
                0x08008ea0                __mdiff
 .text.__d2b    0x08008fd0       0xb0 /Applications/ArmGNUToolchain/15.3.rel1/arm-none-eabi/bin/../lib/gcc/arm-none-eabi/15.3.1/../../../../arm-none-eabi/lib/thumb/v7e-m+fp/hard/libg_nano.a(libc_a-mprec.o)
                0x08008fd0                __d2b
 .text.__sread  0x08009080       0x22 /Applications/ArmGNUToolchain/15.3.rel1/arm-none-eabi/bin/../lib/gcc/arm-none-eabi/15.3.1/../../../../arm-none-eabi/lib/thumb/v7e-m+fp/hard/libg_nano.a(libc_a-stdio.o)
                0x08009080                __sread
 .text.__swrite
                0x080090a2       0x38 /Applications/ArmGNUToolchain/15.3.rel1/arm-none-eabi/bin/../lib/gcc/arm-none-eabi/15.3.1/../../../../arm-none-eabi/lib/thumb/v7e-m+fp/hard/libg_nano.a(libc_a-stdio.o)
                0x080090a2                __swrite
 .text.__sseek  0x080090da       0x26 /Applications/ArmGNUToolchain/15.3.rel1/arm-none-eabi/bin/../lib/gcc/arm-none-eabi/15.3.1/../../../../arm-none-eabi/lib/thumb/v7e-m+fp/hard/libg_nano.a(libc_a-stdio.o)
                0x080090da                __sseek
 .text.__sclose
                0x08009100        0x8 /Applications/ArmGNUToolchain/15.3.rel1/arm-none-eabi/bin/../lib/gcc/arm-none-eabi/15.3.1/../../../../arm-none-eabi/lib/thumb/v7e-m+fp/hard/libg_nano.a(libc_a-stdio.o)
                0x08009100                __sclose
 .text.__swbuf_r
                0x08009108       0x7a /Applications/ArmGNUToolchain/15.3.rel1/arm-none-eabi/bin/../lib/gcc/arm-none-eabi/15.3.1/../../../../arm-none-eabi/lib/thumb/v7e-m+fp/hard/libg_nano.a(libc_a-wbuf.o)
                0x08009108                __swbuf_r
 *fill*         0x08009182        0x2 
 .text.__swsetup_r
                0x08009184       0xa8 /Applications/ArmGNUToolchain/15.3.rel1/arm-none-eabi/bin/../lib/gcc/arm-none-eabi/15.3.1/../../../../arm-none-eabi/lib/thumb/v7e-m+fp/hard/libg_nano.a(libc_a-wsetup.o)
                0x08009184                __swsetup_r
 .text._lseek_r
                0x0800922c       0x24 /Applications/ArmGNUToolchain/15.3.rel1/arm-none-eabi/bin/../lib/gcc/arm-none-eabi/15.3.1/../../../../arm-none-eabi/lib/thumb/v7e-m+fp/hard/libg_nano.a(libc_a-lseekr.o)
                0x0800922c                _lseek_r
 .text._read_r  0x08009250       0x24 /Applications/ArmGNUToolchain/15.3.rel1/arm-none-eabi/bin/../lib/gcc/arm-none-eabi/15.3.1/../../../../arm-none-eabi/lib/thumb/v7e-m+fp/hard/libg_nano.a(libc_a-readr.o)
                0x08009250                _read_r
 .text._sbrk_r  0x08009274       0x20 /Applications/ArmGNUToolchain/15.3.rel1/arm-none-eabi/bin/../lib/gcc/arm-none-eabi/15.3.1/../../../../arm-none-eabi/lib/thumb/v7e-m+fp/hard/libg_nano.a(libc_a-sbrkr.o)
                0x08009274                _sbrk_r
 .text._write_r
                0x08009294       0x24 /Applications/ArmGNUToolchain/15.3.rel1/arm-none-eabi/bin/../lib/gcc/arm-none-eabi/15.3.1/../../../../arm-none-eabi/lib/thumb/v7e-m+fp/hard/libg_nano.a(libc_a-writer.o)
                0x08009294                _write_r
 .text._close_r
                0x080092b8       0x20 /Applications/ArmGNUToolchain/15.3.rel1/arm-none-eabi/bin/../lib/gcc/arm-none-eabi/15.3.1/../../../../arm-none-eabi/lib/thumb/v7e-m+fp/hard/libg_nano.a(libc_a-closer.o)
                0x080092b8                _close_r
 .text.memcpy   0x080092d8       0x1c /Applications/ArmGNUToolchain/15.3.rel1/arm-none-eabi/bin/../lib/gcc/arm-none-eabi/15.3.1/../../../../arm-none-eabi/lib/thumb/v7e-m+fp/hard/libg_nano.a(libc_a-memcpy-stub.o)
                0x080092d8                memcpy
 .text.__assert_func
                0x080092f4       0x3c /Applications/ArmGNUToolchain/15.3.rel1/arm-none-eabi/bin/../lib/gcc/arm-none-eabi/15.3.1/../../../../arm-none-eabi/lib/thumb/v7e-m+fp/hard/libg_nano.a(libc_a-assert.o)
                0x080092f4                __assert_func
 .text._calloc_r
                0x08009330       0x28 /Applications/ArmGNUToolchain/15.3.rel1/arm-none-eabi/bin/../lib/gcc/arm-none-eabi/15.3.1/../../../../arm-none-eabi/lib/thumb/v7e-m+fp/hard/libg_nano.a(libc_a-callocr.o)
                0x08009330                _calloc_r
 .text.__ascii_mbtowc
                0x08009358       0x24 /Applications/ArmGNUToolchain/15.3.rel1/arm-none-eabi/bin/../lib/gcc/arm-none-eabi/15.3.1/../../../../arm-none-eabi/lib/thumb/v7e-m+fp/hard/libg_nano.a(libc_a-mbtowc_r.o)
                0x08009358                __ascii_mbtowc
 .text.fprintf  0x0800937c       0x24 /Applications/ArmGNUToolchain/15.3.rel1/arm-none-eabi/bin/../lib/gcc/arm-none-eabi/15.3.1/../../../../arm-none-eabi/lib/thumb/v7e-m+fp/hard/libg_nano.a(libc_a-fprintf.o)
                0x0800937c                fprintf
                0x0800937c                fiprintf
 .text.__ascii_wctomb
                0x080093a0       0x1a /Applications/ArmGNUToolchain/15.3.rel1/arm-none-eabi/bin/../lib/gcc/arm-none-eabi/15.3.1/../../../../arm-none-eabi/lib/thumb/v7e-m+fp/hard/libg_nano.a(libc_a-wctomb_r.o)
                0x080093a0                __ascii_wctomb
 .text.abort    0x080093ba        0xe /Applications/ArmGNUToolchain/15.3.rel1/arm-none-eabi/bin/../lib/gcc/arm-none-eabi/15.3.1/../../../../arm-none-eabi/lib/thumb/v7e-m+fp/hard/libg_nano.a(libc_a-abort.o)
                0x080093ba                abort
 .text._raise_r
                0x080093c8       0x50 /Applications/ArmGNUToolchain/15.3.rel1/arm-none-eabi/bin/../lib/gcc/arm-none-eabi/15.3.1/../../../../arm-none-eabi/lib/thumb/v7e-m+fp/hard/libg_nano.a(libc_a-signal.o)
                0x080093c8                _raise_r
 .text.raise    0x08009418       0x10 /Applications/ArmGNUToolchain/15.3.rel1/arm-none-eabi/bin/../lib/gcc/arm-none-eabi/15.3.1/../../../../arm-none-eabi/lib/thumb/v7e-m+fp/hard/libg_nano.a(libc_a-signal.o)
                0x08009418                raise
 .text._kill_r  0x08009428       0x24 /Applications/ArmGNUToolchain/15.3.rel1/arm-none-eabi/bin/../lib/gcc/arm-none-eabi/15.3.1/../../../../arm-none-eabi/lib/thumb/v7e-m+fp/hard/libg_nano.a(libc_a-signalr.o)
                0x08009428                _kill_r
 .text._getpid_r
                0x0800944c        0x4 /Applications/ArmGNUToolchain/15.3.rel1/arm-none-eabi/bin/../lib/gcc/arm-none-eabi/15.3.1/../../../../arm-none-eabi/lib/thumb/v7e-m+fp/hard/libg_nano.a(libc_a-signalr.o)
                0x0800944c                _getpid_r
 *(.glue_7)
 .glue_7        0x08009450        0x0 linker stubs
 *(.glue_7t)
 .glue_7t       0x08009450        0x0 linker stubs
 *(.eh_frame)
 .eh_frame      0x08009450        0x0 /Applications/ArmGNUToolchain/15.3.rel1/arm-none-eabi/bin/../lib/gcc/arm-none-eabi/15.3.1/thumb/v7e-m+fp/hard/crtbegin.o
 *(.init)
 .init          0x08009450        0x4 /Applications/ArmGNUToolchain/15.3.rel1/arm-none-eabi/bin/../lib/gcc/arm-none-eabi/15.3.1/thumb/v7e-m+fp/hard/crti.o
                0x08009450                _init
 .init          0x08009454        0x8 /Applications/ArmGNUToolchain/15.3.rel1/arm-none-eabi/bin/../lib/gcc/arm-none-eabi/15.3.1/thumb/v7e-m+fp/hard/crtn.o
 *(.fini)
 .fini          0x0800945c        0x4 /Applications/ArmGNUToolchain/15.3.rel1/arm-none-eabi/bin/../lib/gcc/arm-none-eabi/15.3.1/thumb/v7e-m+fp/hard/crti.o
                0x0800945c                _fini
 .fini          0x08009460        0x8 /Applications/ArmGNUToolchain/15.3.rel1/arm-none-eabi/bin/../lib/gcc/arm-none-eabi/15.3.1/thumb/v7e-m+fp/hard/crtn.o
                0x08009468                        . = ALIGN (0x4)
                0x08009468                        _etext = .

.vfp11_veneer   0x08009468        0x0
 .vfp11_veneer  0x08009468        0x0 linker stubs

.v4_bx          0x08009468        0x0
 .v4_bx         0x08009468        0x0 linker stubs

.iplt           0x08009468        0x0
 .iplt          0x08009468        0x0 /Applications/ArmGNUToolchain/15.3.rel1/arm-none-eabi/bin/../lib/gcc/arm-none-eabi/15.3.1/thumb/v7e-m+fp/hard/crtbegin.o

.rodata         0x08009468      0x4a4
                0x08009468                        . = ALIGN (0x4)
 *(.rodata)
 .rodata        0x08009468       0xc3 CMakeFiles/PDM_M26.dir/Core/Src/main.c.obj
 *(.rodata*)
 *fill*         0x0800952b        0x1 
 .rodata.AHBPrescTable
                0x0800952c       0x10 cmake/stm32cubemx/CMakeFiles/STM32_Drivers.dir/__/__/Core/Src/system_stm32g4xx.c.obj
                0x0800952c                AHBPrescTable
 .rodata.APBPrescTable
                0x0800953c        0x8 cmake/stm32cubemx/CMakeFiles/STM32_Drivers.dir/__/__/Core/Src/system_stm32g4xx.c.obj
                0x0800953c                APBPrescTable
 .rodata.UARTPrescTable
                0x08009544       0x18 cmake/stm32cubemx/CMakeFiles/STM32_Drivers.dir/__/__/Drivers/STM32G4xx_HAL_Driver/Src/stm32g4xx_hal_uart.c.obj
                0x08009544                UARTPrescTable
 .rodata.numerator.1
                0x0800955c        0x8 cmake/stm32cubemx/CMakeFiles/STM32_Drivers.dir/__/__/Drivers/STM32G4xx_HAL_Driver/Src/stm32g4xx_hal_uart_ex.c.obj
 .rodata.denominator.0
                0x08009564        0x8 cmake/stm32cubemx/CMakeFiles/STM32_Drivers.dir/__/__/Drivers/STM32G4xx_HAL_Driver/Src/stm32g4xx_hal_uart_ex.c.obj
 .rodata._printf_float.str1.1
                0x0800956c      0x19b /Applications/ArmGNUToolchain/15.3.rel1/arm-none-eabi/bin/../lib/gcc/arm-none-eabi/15.3.1/../../../../arm-none-eabi/lib/thumb/v7e-m+fp/hard/libg_nano.a(libc_a-nano-vfprintf_float.o)
                                 0x12 (size before relaxing)
 .rodata._printf_i.str1.1
                0x08009707        0x0 /Applications/ArmGNUToolchain/15.3.rel1/arm-none-eabi/bin/../lib/gcc/arm-none-eabi/15.3.1/../../../../arm-none-eabi/lib/thumb/v7e-m+fp/hard/libg_nano.a(libc_a-nano-vfprintf_i.o)
                                 0x22 (size before relaxing)
 .rodata._dtoa_r.str1.1
                0x08009707        0x0 /Applications/ArmGNUToolchain/15.3.rel1/arm-none-eabi/bin/../lib/gcc/arm-none-eabi/15.3.1/../../../../arm-none-eabi/lib/thumb/v7e-m+fp/hard/libg_nano.a(libc_a-dtoa.o)
                                 0xa4 (size before relaxing)
 .rodata._vfprintf_r.str1.1
                0x08009707        0x0 /Applications/ArmGNUToolchain/15.3.rel1/arm-none-eabi/bin/../lib/gcc/arm-none-eabi/15.3.1/../../../../arm-none-eabi/lib/thumb/v7e-m+fp/hard/libg_nano.a(libc_a-nano-vfprintf.o)
                                 0x11 (size before relaxing)
 .rodata._Balloc.str1.1
                0x08009707        0x0 /Applications/ArmGNUToolchain/15.3.rel1/arm-none-eabi/bin/../lib/gcc/arm-none-eabi/15.3.1/../../../../arm-none-eabi/lib/thumb/v7e-m+fp/hard/libg_nano.a(libc_a-mprec.o)
                                 0x85 (size before relaxing)
 .rodata.__multadd.str1.1
                0x08009707        0x0 /Applications/ArmGNUToolchain/15.3.rel1/arm-none-eabi/bin/../lib/gcc/arm-none-eabi/15.3.1/../../../../arm-none-eabi/lib/thumb/v7e-m+fp/hard/libg_nano.a(libc_a-mprec.o)
                                 0x11 (size before relaxing)
 *fill*         0x08009707        0x1 
 .rodata.p05.0  0x08009708        0xc /Applications/ArmGNUToolchain/15.3.rel1/arm-none-eabi/bin/../lib/gcc/arm-none-eabi/15.3.1/../../../../arm-none-eabi/lib/thumb/v7e-m+fp/hard/libg_nano.a(libc_a-mprec.o)
 *fill*         0x08009714        0x4 
 .rodata.__mprec_bigtens
                0x08009718       0x28 /Applications/ArmGNUToolchain/15.3.rel1/arm-none-eabi/bin/../lib/gcc/arm-none-eabi/15.3.1/../../../../arm-none-eabi/lib/thumb/v7e-m+fp/hard/libg_nano.a(libc_a-mprec.o)
                0x08009718                __mprec_bigtens
 .rodata.__mprec_tens
                0x08009740       0xc8 /Applications/ArmGNUToolchain/15.3.rel1/arm-none-eabi/bin/../lib/gcc/arm-none-eabi/15.3.1/../../../../arm-none-eabi/lib/thumb/v7e-m+fp/hard/libg_nano.a(libc_a-mprec.o)
                0x08009740                __mprec_tens
 .rodata._setlocale_r.str1.1
                0x08009808        0x0 /Applications/ArmGNUToolchain/15.3.rel1/arm-none-eabi/bin/../lib/gcc/arm-none-eabi/15.3.1/../../../../arm-none-eabi/lib/thumb/v7e-m+fp/hard/libg_nano.a(libc_a-locale.o)
                                  0x9 (size before relaxing)
 .rodata.str1.1
                0x08009808        0x0 /Applications/ArmGNUToolchain/15.3.rel1/arm-none-eabi/bin/../lib/gcc/arm-none-eabi/15.3.1/../../../../arm-none-eabi/lib/thumb/v7e-m+fp/hard/libg_nano.a(libc_a-locale.o)
                                  0x2 (size before relaxing)
 .rodata.__assert_func.str1.1
                0x08009808        0x0 /Applications/ArmGNUToolchain/15.3.rel1/arm-none-eabi/bin/../lib/gcc/arm-none-eabi/15.3.1/../../../../arm-none-eabi/lib/thumb/v7e-m+fp/hard/libg_nano.a(libc_a-assert.o)
                                 0x3d (size before relaxing)
 .rodata._ctype_
                0x08009808      0x101 /Applications/ArmGNUToolchain/15.3.rel1/arm-none-eabi/bin/../lib/gcc/arm-none-eabi/15.3.1/../../../../arm-none-eabi/lib/thumb/v7e-m+fp/hard/libg_nano.a(libc_a-ctype_.o)
                0x08009808                _ctype_
                0x0800990c                        . = ALIGN (0x4)
 *fill*         0x08009909        0x3 

.ARM.extab      0x0800990c        0x0
                0x0800990c                        . = ALIGN (0x4)
 *(.ARM.extab* .gnu.linkonce.armextab.*)
                0x0800990c                        . = ALIGN (0x4)

.ARM            0x0800990c        0x8
                0x0800990c                        . = ALIGN (0x4)
                0x0800990c                        __exidx_start = .
 *(.ARM.exidx*)
 .ARM.exidx     0x0800990c        0x8 /Applications/ArmGNUToolchain/15.3.rel1/arm-none-eabi/bin/../lib/gcc/arm-none-eabi/15.3.1/../../../../arm-none-eabi/lib/thumb/v7e-m+fp/hard/libg_nano.a(libc_a-memchr.o)
 .ARM.exidx     0x08009914        0x0 /Applications/ArmGNUToolchain/15.3.rel1/arm-none-eabi/bin/../lib/gcc/arm-none-eabi/15.3.1/../../../../arm-none-eabi/lib/thumb/v7e-m+fp/hard/libg_nano.a(libc_a-strlen.o)
                                  0x8 (size before relaxing)
 .ARM.exidx.text.__udivmoddi4
                0x08009914        0x0 /Applications/ArmGNUToolchain/15.3.rel1/arm-none-eabi/bin/../lib/gcc/arm-none-eabi/15.3.1/thumb/v7e-m+fp/hard/libgcc.a(_udivmoddi4.o)
                                  0x8 (size before relaxing)
                0x08009914                        __exidx_end = .
                0x08009914                        . = ALIGN (0x4)

.preinit_array  0x08009914        0x0
                0x08009914                        . = ALIGN (0x4)
                0x08009914                        PROVIDE (__preinit_array_start = .)
 *(.preinit_array*)
                0x08009914                        PROVIDE (__preinit_array_end = .)
                0x08009914                        . = ALIGN (0x4)

.init_array     0x08009914        0x4
                0x08009914                        . = ALIGN (0x4)
                0x08009914                        PROVIDE (__init_array_start = .)
 *(SORT_BY_NAME(.init_array.*))
 *(.init_array*)
 .init_array    0x08009914        0x4 /Applications/ArmGNUToolchain/15.3.rel1/arm-none-eabi/bin/../lib/gcc/arm-none-eabi/15.3.1/thumb/v7e-m+fp/hard/crtbegin.o
                0x08009918                        PROVIDE (__init_array_end = .)
                0x08009918                        . = ALIGN (0x4)

.fini_array     0x08009918        0x4
                0x08009918                        . = ALIGN (0x4)
                [!provide]                        PROVIDE (__fini_array_start = .)
 *(SORT_BY_NAME(.fini_array.*))
 *(.fini_array*)
 .fini_array    0x08009918        0x4 /Applications/ArmGNUToolchain/15.3.rel1/arm-none-eabi/bin/../lib/gcc/arm-none-eabi/15.3.1/thumb/v7e-m+fp/hard/crtbegin.o
                [!provide]                        PROVIDE (__fini_array_end = .)
                0x0800991c                        . = ALIGN (0x4)
                0x0800991c                        _sidata = LOADADDR (.data)

.rel.dyn        0x0800991c        0x0
 .rel.iplt      0x0800991c        0x0 /Applications/ArmGNUToolchain/15.3.rel1/arm-none-eabi/bin/../lib/gcc/arm-none-eabi/15.3.1/thumb/v7e-m+fp/hard/crtbegin.o

.data           0x20000000      0x1d4 load address 0x0800991c
                0x20000000                        . = ALIGN (0x4)
                0x20000000                        _sdata = .
 *(.data)
 *(.data*)
 .data.SystemCoreClock
                0x20000000        0x4 cmake/stm32cubemx/CMakeFiles/STM32_Drivers.dir/__/__/Core/Src/system_stm32g4xx.c.obj
                0x20000000                SystemCoreClock
 .data.uwTickPrio
                0x20000004        0x4 cmake/stm32cubemx/CMakeFiles/STM32_Drivers.dir/__/__/Drivers/STM32G4xx_HAL_Driver/Src/stm32g4xx_hal.c.obj
                0x20000004                uwTickPrio
 .data.uwTickFreq
                0x20000008        0x4 cmake/stm32cubemx/CMakeFiles/STM32_Drivers.dir/__/__/Drivers/STM32G4xx_HAL_Driver/Src/stm32g4xx_hal.c.obj
                0x20000008                uwTickFreq
 .data.__sglue  0x2000000c        0xc /Applications/ArmGNUToolchain/15.3.rel1/arm-none-eabi/bin/../lib/gcc/arm-none-eabi/15.3.1/../../../../arm-none-eabi/lib/thumb/v7e-m+fp/hard/libg_nano.a(libc_a-findfp.o)
                0x2000000c                __sglue
 .data._impure_ptr
                0x20000018        0x4 /Applications/ArmGNUToolchain/15.3.rel1/arm-none-eabi/bin/../lib/gcc/arm-none-eabi/15.3.1/../../../../arm-none-eabi/lib/thumb/v7e-m+fp/hard/libg_nano.a(libc_a-impure.o)
                0x20000018                _impure_ptr
 .data._impure_data
                0x2000001c       0x4c /Applications/ArmGNUToolchain/15.3.rel1/arm-none-eabi/bin/../lib/gcc/arm-none-eabi/15.3.1/../../../../arm-none-eabi/lib/thumb/v7e-m+fp/hard/libg_nano.a(libc_a-impure.o)
                0x2000001c                _impure_data
 .data.__global_locale
                0x20000068      0x16c /Applications/ArmGNUToolchain/15.3.rel1/arm-none-eabi/bin/../lib/gcc/arm-none-eabi/15.3.1/../../../../arm-none-eabi/lib/thumb/v7e-m+fp/hard/libg_nano.a(libc_a-locale.o)
                0x20000068                __global_locale
 *(.RamFunc)
 *(.RamFunc*)
                0x200001d4                        . = ALIGN (0x4)

.tm_clone_table
                0x200001d4        0x0 load address 0x08009af0
 .tm_clone_table
                0x200001d4        0x0 /Applications/ArmGNUToolchain/15.3.rel1/arm-none-eabi/bin/../lib/gcc/arm-none-eabi/15.3.1/thumb/v7e-m+fp/hard/crtbegin.o
 .tm_clone_table
                0x200001d4        0x0 /Applications/ArmGNUToolchain/15.3.rel1/arm-none-eabi/bin/../lib/gcc/arm-none-eabi/15.3.1/thumb/v7e-m+fp/hard/crtend.o

.igot.plt       0x200001d4        0x0 load address 0x08009af0
 .igot.plt      0x200001d4        0x0 /Applications/ArmGNUToolchain/15.3.rel1/arm-none-eabi/bin/../lib/gcc/arm-none-eabi/15.3.1/thumb/v7e-m+fp/hard/crtbegin.o

.tdata          0x200001d4        0x0 load address 0x08009af0
 *(.tdata .tdata.* .gnu.linkonce.td.*)
                0x200001d4                        . = ALIGN (0x4)
                0x200001d4                        _edata = .
                [!provide]                        PROVIDE (__data_end = .)
                [!provide]                        PROVIDE (__tdata_end = .)
                [!provide]                        PROVIDE (__tdata_start = ADDR (.tdata))
                [!provide]                        PROVIDE (__tdata_size = (__tdata_end - __tdata_start))
                [!provide]                        PROVIDE (__data_start = ADDR (.data))
                [!provide]                        PROVIDE (__data_size = (__data_end - __data_start))
                [!provide]                        PROVIDE (__tdata_source = LOADADDR (.tdata))
                [!provide]                        PROVIDE (__tdata_source_end = (LOADADDR (.tdata) + SIZEOF (.tdata)))
                [!provide]                        PROVIDE (__tdata_source_size = (__tdata_source_end - __tdata_source))
                [!provide]                        PROVIDE (__data_source = LOADADDR (.data))
                [!provide]                        PROVIDE (__data_source_end = __tdata_source_end)
                [!provide]                        PROVIDE (__data_source_size = (__data_source_end - __data_source))

.tbss           0x200001d4        0x0 load address 0x08009af0
                0x200001d4                        _sbss = .
                0x200001d4                        __bss_start__ = _sbss
 *(.tbss .tbss.*)
                0x200001d4                        . = ALIGN (0x4)
                [!provide]                        PROVIDE (__tbss_end = .)
                [!provide]                        PROVIDE (__tbss_start = ADDR (.tbss))
                [!provide]                        PROVIDE (__tbss_size = (__tbss_end - __tbss_start))
                [!provide]                        PROVIDE (__tbss_offset = (ADDR (.tbss) - ADDR (.tdata)))
                [!provide]                        PROVIDE (__tls_base = __tdata_start)
                [!provide]                        PROVIDE (__tls_end = __tbss_end)
                [!provide]                        PROVIDE (__tls_size = (__tls_end - __tls_base))
                [!provide]                        PROVIDE (__tls_align = MAX (ALIGNOF (.tdata), ALIGNOF (.tbss)))
                [!provide]                        PROVIDE (__tls_size_align = (((__tls_size + __tls_align) - 0x1) & ~ ((__tls_align - 0x1))))
                [!provide]                        PROVIDE (__arm32_tls_tcb_offset = MAX (0x8, __tls_align))
                [!provide]                        PROVIDE (__arm64_tls_tcb_offset = MAX (0x10, __tls_align))

.bss            0x200001d4      0x3d4 load address 0x08009af0
 *(.bss)
 *(.bss*)
 .bss.completed.1
                0x200001d4        0x1 /Applications/ArmGNUToolchain/15.3.rel1/arm-none-eabi/bin/../lib/gcc/arm-none-eabi/15.3.1/thumb/v7e-m+fp/hard/crtbegin.o
 *fill*         0x200001d5        0x3 
 .bss.object.0  0x200001d8       0x18 /Applications/ArmGNUToolchain/15.3.rel1/arm-none-eabi/bin/../lib/gcc/arm-none-eabi/15.3.1/thumb/v7e-m+fp/hard/crtbegin.o
 .bss.uwTick    0x200001f0        0x4 cmake/stm32cubemx/CMakeFiles/STM32_Drivers.dir/__/__/Drivers/STM32G4xx_HAL_Driver/Src/stm32g4xx_hal.c.obj
                0x200001f0                uwTick
 .bss.hadc1     0x200001f4       0x6c CMakeFiles/PDM_M26.dir/Core/Src/main.c.obj
                0x200001f4                hadc1
 .bss.hadc2     0x20000260       0x6c CMakeFiles/PDM_M26.dir/Core/Src/main.c.obj
                0x20000260                hadc2
 .bss.hfdcan1   0x200002cc       0x64 CMakeFiles/PDM_M26.dir/Core/Src/main.c.obj
                0x200002cc                hfdcan1
 .bss.htim3     0x20000330       0x4c CMakeFiles/PDM_M26.dir/Core/Src/main.c.obj
                0x20000330                htim3
 .bss.huart1    0x2000037c       0x94 CMakeFiles/PDM_M26.dir/Core/Src/main.c.obj
                0x2000037c                huart1
 .bss.adc1_raw  0x20000410       0x10 CMakeFiles/PDM_M26.dir/Core/Src/main.c.obj
                0x20000410                adc1_raw
 .bss.adc2_raw  0x20000420       0x10 CMakeFiles/PDM_M26.dir/Core/Src/main.c.obj
                0x20000420                adc2_raw
 .bss.v_battery_ref
                0x20000430        0x4 CMakeFiles/PDM_M26.dir/Core/Src/main.c.obj
                0x20000430                v_battery_ref
 .bss.i_pump    0x20000434        0x4 CMakeFiles/PDM_M26.dir/Core/Src/main.c.obj
                0x20000434                i_pump
 .bss.i_fan1    0x20000438        0x4 CMakeFiles/PDM_M26.dir/Core/Src/main.c.obj
                0x20000438                i_fan1
 .bss.i_fan2    0x2000043c        0x4 CMakeFiles/PDM_M26.dir/Core/Src/main.c.obj
                0x2000043c                i_fan2
 .bss.i_highcurrent
                0x20000440        0x4 CMakeFiles/PDM_M26.dir/Core/Src/main.c.obj
                0x20000440                i_highcurrent
 .bss.i_lowcurrent1
                0x20000444        0x4 CMakeFiles/PDM_M26.dir/Core/Src/main.c.obj
                0x20000444                i_lowcurrent1
 .bss.i_lowcurrent2
                0x20000448        0x4 CMakeFiles/PDM_M26.dir/Core/Src/main.c.obj
                0x20000448                i_lowcurrent2
 .bss.fan1_diag
                0x2000044c        0x1 CMakeFiles/PDM_M26.dir/Core/Src/main.c.obj
                0x2000044c                fan1_diag
 .bss.fan2_diag
                0x2000044d        0x1 CMakeFiles/PDM_M26.dir/Core/Src/main.c.obj
                0x2000044d                fan2_diag
 .bss.pump_diag
                0x2000044e        0x1 CMakeFiles/PDM_M26.dir/Core/Src/main.c.obj
                0x2000044e                pump_diag
 .bss.highcurrent_diag
                0x2000044f        0x1 CMakeFiles/PDM_M26.dir/Core/Src/main.c.obj
                0x2000044f                highcurrent_diag
 .bss.pump_tripped
                0x20000450        0x1 CMakeFiles/PDM_M26.dir/Core/Src/main.c.obj
                0x20000450                pump_tripped
 .bss.fan1_tripped
                0x20000451        0x1 CMakeFiles/PDM_M26.dir/Core/Src/main.c.obj
                0x20000451                fan1_tripped
 .bss.fan2_tripped
                0x20000452        0x1 CMakeFiles/PDM_M26.dir/Core/Src/main.c.obj
                0x20000452                fan2_tripped
 .bss.highcurrent_tripped
                0x20000453        0x1 CMakeFiles/PDM_M26.dir/Core/Src/main.c.obj
                0x20000453                highcurrent_tripped
 .bss.HAL_RCC_ADC12_CLK_ENABLED
                0x20000454        0x4 CMakeFiles/PDM_M26.dir/Core/Src/stm32g4xx_hal_msp.c.obj
 .bss.__sbrk_heap_end
                0x20000458        0x4 CMakeFiles/PDM_M26.dir/Core/Src/sysmem.c.obj
 .bss.__sf      0x2000045c      0x138 /Applications/ArmGNUToolchain/15.3.rel1/arm-none-eabi/bin/../lib/gcc/arm-none-eabi/15.3.1/../../../../arm-none-eabi/lib/thumb/v7e-m+fp/hard/libg_nano.a(libc_a-findfp.o)
                0x2000045c                __sf
 .bss.__stdio_exit_handler
                0x20000594        0x4 /Applications/ArmGNUToolchain/15.3.rel1/arm-none-eabi/bin/../lib/gcc/arm-none-eabi/15.3.1/../../../../arm-none-eabi/lib/thumb/v7e-m+fp/hard/libg_nano.a(libc_a-findfp.o)
                0x20000594                __stdio_exit_handler
 .bss.__lock___malloc_recursive_mutex
                0x20000598        0x1 /Applications/ArmGNUToolchain/15.3.rel1/arm-none-eabi/bin/../lib/gcc/arm-none-eabi/15.3.1/../../../../arm-none-eabi/lib/thumb/v7e-m+fp/hard/libg_nano.a(libc_a-lock.o)
                0x20000598                __lock___malloc_recursive_mutex
 .bss.__lock___sfp_recursive_mutex
                0x20000599        0x1 /Applications/ArmGNUToolchain/15.3.rel1/arm-none-eabi/bin/../lib/gcc/arm-none-eabi/15.3.1/../../../../arm-none-eabi/lib/thumb/v7e-m+fp/hard/libg_nano.a(libc_a-lock.o)
                0x20000599                __lock___sfp_recursive_mutex
 *fill*         0x2000059a        0x2 
 .bss.errno     0x2000059c        0x4 /Applications/ArmGNUToolchain/15.3.rel1/arm-none-eabi/bin/../lib/gcc/arm-none-eabi/15.3.1/../../../../arm-none-eabi/lib/thumb/v7e-m+fp/hard/libg_nano.a(libc_a-reent.o)
                0x2000059c                errno
 .bss.__malloc_sbrk_start
                0x200005a0        0x4 /Applications/ArmGNUToolchain/15.3.rel1/arm-none-eabi/bin/../lib/gcc/arm-none-eabi/15.3.1/../../../../arm-none-eabi/lib/thumb/v7e-m+fp/hard/libg_nano.a(libc_a-mallocr.o)
                0x200005a0                __malloc_sbrk_start
 .bss.__malloc_free_list
                0x200005a4        0x4 /Applications/ArmGNUToolchain/15.3.rel1/arm-none-eabi/bin/../lib/gcc/arm-none-eabi/15.3.1/../../../../arm-none-eabi/lib/thumb/v7e-m+fp/hard/libg_nano.a(libc_a-mallocr.o)
                0x200005a4                __malloc_free_list
 *(COMMON)
                0x200005a8                        . = ALIGN (0x4)
                0x200005a8                        _ebss = .
                0x200005a8                        __bss_end__ = _ebss
                [!provide]                        PROVIDE (__bss_end = .)
                [!provide]                        PROVIDE (__non_tls_bss_start = ADDR (.bss))
                [!provide]                        PROVIDE (__bss_start = __tbss_start)
                [!provide]                        PROVIDE (__bss_size = (__bss_end - __bss_start))

._user_heap_stack
                0x200005a8      0x600 load address 0x08009af0
                0x200005a8                        . = ALIGN (0x8)
                [!provide]                        PROVIDE (end = .)
                0x200005a8                        PROVIDE (_end = .)
                0x200007a8                        . = (. + _Min_Heap_Size)
 *fill*         0x200005a8      0x200 
                0x20000ba8                        . = (. + _Min_Stack_Size)
 *fill*         0x200007a8      0x400 
                0x20000ba8                        . = ALIGN (0x8)

/DISCARD/
 libc.a:*(*)
 libm.a:*(*)
 libgcc.a:*(*)
OUTPUT(PDM_M26.elf elf32-littlearm)
LOAD linker stubs

.ARM.attributes
                0x00000000       0x30
 .ARM.attributes
                0x00000000       0x22 /Applications/ArmGNUToolchain/15.3.rel1/arm-none-eabi/bin/../lib/gcc/arm-none-eabi/15.3.1/thumb/v7e-m+fp/hard/crti.o
 .ARM.attributes
                0x00000022       0x34 /Applications/ArmGNUToolchain/15.3.rel1/arm-none-eabi/bin/../lib/gcc/arm-none-eabi/15.3.1/thumb/v7e-m+fp/hard/crtbegin.o
 .ARM.attributes
                0x00000056       0x34 cmake/stm32cubemx/CMakeFiles/STM32_Drivers.dir/__/__/Core/Src/system_stm32g4xx.c.obj
 .ARM.attributes
                0x0000008a       0x34 cmake/stm32cubemx/CMakeFiles/STM32_Drivers.dir/__/__/Drivers/STM32G4xx_HAL_Driver/Src/stm32g4xx_hal_adc.c.obj
 .ARM.attributes
                0x000000be       0x34 cmake/stm32cubemx/CMakeFiles/STM32_Drivers.dir/__/__/Drivers/STM32G4xx_HAL_Driver/Src/stm32g4xx_hal_adc_ex.c.obj
 .ARM.attributes
                0x000000f2       0x34 cmake/stm32cubemx/CMakeFiles/STM32_Drivers.dir/__/__/Drivers/STM32G4xx_HAL_Driver/Src/stm32g4xx_hal.c.obj
 .ARM.attributes
                0x00000126       0x34 cmake/stm32cubemx/CMakeFiles/STM32_Drivers.dir/__/__/Drivers/STM32G4xx_HAL_Driver/Src/stm32g4xx_hal_rcc.c.obj
 .ARM.attributes
                0x0000015a       0x34 cmake/stm32cubemx/CMakeFiles/STM32_Drivers.dir/__/__/Drivers/STM32G4xx_HAL_Driver/Src/stm32g4xx_hal_rcc_ex.c.obj
 .ARM.attributes
                0x0000018e       0x34 cmake/stm32cubemx/CMakeFiles/STM32_Drivers.dir/__/__/Drivers/STM32G4xx_HAL_Driver/Src/stm32g4xx_hal_gpio.c.obj
 .ARM.attributes
                0x000001c2       0x34 cmake/stm32cubemx/CMakeFiles/STM32_Drivers.dir/__/__/Drivers/STM32G4xx_HAL_Driver/Src/stm32g4xx_hal_pwr_ex.c.obj
 .ARM.attributes
                0x000001f6       0x34 cmake/stm32cubemx/CMakeFiles/STM32_Drivers.dir/__/__/Drivers/STM32G4xx_HAL_Driver/Src/stm32g4xx_hal_cortex.c.obj
 .ARM.attributes
                0x0000022a       0x34 cmake/stm32cubemx/CMakeFiles/STM32_Drivers.dir/__/__/Drivers/STM32G4xx_HAL_Driver/Src/stm32g4xx_hal_fdcan.c.obj
 .ARM.attributes
                0x0000025e       0x34 cmake/stm32cubemx/CMakeFiles/STM32_Drivers.dir/__/__/Drivers/STM32G4xx_HAL_Driver/Src/stm32g4xx_hal_tim.c.obj
 .ARM.attributes
                0x00000292       0x34 cmake/stm32cubemx/CMakeFiles/STM32_Drivers.dir/__/__/Drivers/STM32G4xx_HAL_Driver/Src/stm32g4xx_hal_tim_ex.c.obj
 .ARM.attributes
                0x000002c6       0x34 cmake/stm32cubemx/CMakeFiles/STM32_Drivers.dir/__/__/Drivers/STM32G4xx_HAL_Driver/Src/stm32g4xx_hal_uart.c.obj
 .ARM.attributes
                0x000002fa       0x34 cmake/stm32cubemx/CMakeFiles/STM32_Drivers.dir/__/__/Drivers/STM32G4xx_HAL_Driver/Src/stm32g4xx_hal_uart_ex.c.obj
 .ARM.attributes
                0x0000032e       0x34 CMakeFiles/PDM_M26.dir/Core/Src/main.c.obj
 .ARM.attributes
                0x00000362       0x34 CMakeFiles/PDM_M26.dir/Core/Src/stm32g4xx_it.c.obj
 .ARM.attributes
                0x00000396       0x34 CMakeFiles/PDM_M26.dir/Core/Src/stm32g4xx_hal_msp.c.obj
 .ARM.attributes
                0x000003ca       0x34 CMakeFiles/PDM_M26.dir/Core/Src/sysmem.c.obj
 .ARM.attributes
                0x000003fe       0x34 CMakeFiles/PDM_M26.dir/Core/Src/syscalls.c.obj
 .ARM.attributes
                0x00000432       0x21 CMakeFiles/PDM_M26.dir/startup_stm32g431xx.s.obj
 .ARM.attributes
                0x00000453       0x22 /Applications/ArmGNUToolchain/15.3.rel1/arm-none-eabi/bin/../lib/gcc/arm-none-eabi/15.3.1/thumb/v7e-m+fp/hard/libgcc.a(_arm_addsubdf3.o)
 .ARM.attributes
                0x00000475       0x22 /Applications/ArmGNUToolchain/15.3.rel1/arm-none-eabi/bin/../lib/gcc/arm-none-eabi/15.3.1/thumb/v7e-m+fp/hard/libgcc.a(_aeabi_uldivmod.o)
 .ARM.attributes
                0x00000497       0x34 /Applications/ArmGNUToolchain/15.3.rel1/arm-none-eabi/bin/../lib/gcc/arm-none-eabi/15.3.1/thumb/v7e-m+fp/hard/libgcc.a(_udivmoddi4.o)
 .ARM.attributes
                0x000004cb       0x22 /Applications/ArmGNUToolchain/15.3.rel1/arm-none-eabi/bin/../lib/gcc/arm-none-eabi/15.3.1/thumb/v7e-m+fp/hard/libgcc.a(_dvmd_tls.o)
 .ARM.attributes
                0x000004ed       0x34 /Applications/ArmGNUToolchain/15.3.rel1/arm-none-eabi/bin/../lib/gcc/arm-none-eabi/15.3.1/../../../../arm-none-eabi/lib/thumb/v7e-m+fp/hard/libg_nano.a(libc_a-nano-vfprintf_float.o)
 .ARM.attributes
                0x00000521       0x34 /Applications/ArmGNUToolchain/15.3.rel1/arm-none-eabi/bin/../lib/gcc/arm-none-eabi/15.3.1/../../../../arm-none-eabi/lib/thumb/v7e-m+fp/hard/libg_nano.a(libc_a-nano-vfprintf_i.o)
 .ARM.attributes
                0x00000555       0x34 /Applications/ArmGNUToolchain/15.3.rel1/arm-none-eabi/bin/../lib/gcc/arm-none-eabi/15.3.1/../../../../arm-none-eabi/lib/thumb/v7e-m+fp/hard/libg_nano.a(libc_a-setvbuf.o)
 .ARM.attributes
                0x00000589       0x34 /Applications/ArmGNUToolchain/15.3.rel1/arm-none-eabi/bin/../lib/gcc/arm-none-eabi/15.3.1/../../../../arm-none-eabi/lib/thumb/v7e-m+fp/hard/libg_nano.a(libc_a-fflush.o)
 .ARM.attributes
                0x000005bd       0x34 /Applications/ArmGNUToolchain/15.3.rel1/arm-none-eabi/bin/../lib/gcc/arm-none-eabi/15.3.1/../../../../arm-none-eabi/lib/thumb/v7e-m+fp/hard/libg_nano.a(libc_a-findfp.o)
 .ARM.attributes
                0x000005f1       0x34 /Applications/ArmGNUToolchain/15.3.rel1/arm-none-eabi/bin/../lib/gcc/arm-none-eabi/15.3.1/../../../../arm-none-eabi/lib/thumb/v7e-m+fp/hard/libg_nano.a(libc_a-fwalk.o)
 .ARM.attributes
                0x00000625       0x34 /Applications/ArmGNUToolchain/15.3.rel1/arm-none-eabi/bin/../lib/gcc/arm-none-eabi/15.3.1/../../../../arm-none-eabi/lib/thumb/v7e-m+fp/hard/libg_nano.a(libc_a-makebuf.o)
 .ARM.attributes
                0x00000659       0x34 /Applications/ArmGNUToolchain/15.3.rel1/arm-none-eabi/bin/../lib/gcc/arm-none-eabi/15.3.1/../../../../arm-none-eabi/lib/thumb/v7e-m+fp/hard/libg_nano.a(libc_a-printf.o)
 .ARM.attributes
                0x0000068d       0x34 /Applications/ArmGNUToolchain/15.3.rel1/arm-none-eabi/bin/../lib/gcc/arm-none-eabi/15.3.1/../../../../arm-none-eabi/lib/thumb/v7e-m+fp/hard/libg_nano.a(libc_a-puts.o)
 .ARM.attributes
                0x000006c1       0x34 /Applications/ArmGNUToolchain/15.3.rel1/arm-none-eabi/bin/../lib/gcc/arm-none-eabi/15.3.1/../../../../arm-none-eabi/lib/thumb/v7e-m+fp/hard/libg_nano.a(libc_a-memset.o)
 .ARM.attributes
                0x000006f5       0x34 /Applications/ArmGNUToolchain/15.3.rel1/arm-none-eabi/bin/../lib/gcc/arm-none-eabi/15.3.1/../../../../arm-none-eabi/lib/thumb/v7e-m+fp/hard/libg_nano.a(libc_a-isattyr.o)
 .ARM.attributes
                0x00000729       0x34 /Applications/ArmGNUToolchain/15.3.rel1/arm-none-eabi/bin/../lib/gcc/arm-none-eabi/15.3.1/../../../../arm-none-eabi/lib/thumb/v7e-m+fp/hard/libg_nano.a(libc_a-errno.o)
 .ARM.attributes
                0x0000075d       0x34 /Applications/ArmGNUToolchain/15.3.rel1/arm-none-eabi/bin/../lib/gcc/arm-none-eabi/15.3.1/../../../../arm-none-eabi/lib/thumb/v7e-m+fp/hard/libg_nano.a(libc_a-init.o)
 .ARM.attributes
                0x00000791       0x34 /Applications/ArmGNUToolchain/15.3.rel1/arm-none-eabi/bin/../lib/gcc/arm-none-eabi/15.3.1/../../../../arm-none-eabi/lib/thumb/v7e-m+fp/hard/libg_nano.a(libc_a-lock.o)
 .ARM.attributes
                0x000007c5       0x34 /Applications/ArmGNUToolchain/15.3.rel1/arm-none-eabi/bin/../lib/gcc/arm-none-eabi/15.3.1/../../../../arm-none-eabi/lib/thumb/v7e-m+fp/hard/libg_nano.a(libc_a-localeconv.o)
 .ARM.attributes
                0x000007f9       0x34 /Applications/ArmGNUToolchain/15.3.rel1/arm-none-eabi/bin/../lib/gcc/arm-none-eabi/15.3.1/../../../../arm-none-eabi/lib/thumb/v7e-m+fp/hard/libg_nano.a(libc_a-reent.o)
 .ARM.attributes
                0x0000082d       0x34 /Applications/ArmGNUToolchain/15.3.rel1/arm-none-eabi/bin/../lib/gcc/arm-none-eabi/15.3.1/../../../../arm-none-eabi/lib/thumb/v7e-m+fp/hard/libg_nano.a(libc_a-impure.o)
 .ARM.attributes
                0x00000861       0x34 /Applications/ArmGNUToolchain/15.3.rel1/arm-none-eabi/bin/../lib/gcc/arm-none-eabi/15.3.1/../../../../arm-none-eabi/lib/thumb/v7e-m+fp/hard/libg_nano.a(libc_a-fstatr.o)
 .ARM.attributes
                0x00000895       0x1c /Applications/ArmGNUToolchain/15.3.rel1/arm-none-eabi/bin/../lib/gcc/arm-none-eabi/15.3.1/../../../../arm-none-eabi/lib/thumb/v7e-m+fp/hard/libg_nano.a(libc_a-memchr.o)
 .ARM.attributes
                0x000008b1       0x17 /Applications/ArmGNUToolchain/15.3.rel1/arm-none-eabi/bin/../lib/gcc/arm-none-eabi/15.3.1/../../../../arm-none-eabi/lib/thumb/v7e-m+fp/hard/libg_nano.a(libc_a-strlen.o)
 .ARM.attributes
                0x000008c8       0x34 /Applications/ArmGNUToolchain/15.3.rel1/arm-none-eabi/bin/../lib/gcc/arm-none-eabi/15.3.1/../../../../arm-none-eabi/lib/thumb/v7e-m+fp/hard/libg_nano.a(libc_a-dtoa.o)
 .ARM.attributes
                0x000008fc       0x34 /Applications/ArmGNUToolchain/15.3.rel1/arm-none-eabi/bin/../lib/gcc/arm-none-eabi/15.3.1/../../../../arm-none-eabi/lib/thumb/v7e-m+fp/hard/libg_nano.a(libc_a-freer.o)
 .ARM.attributes
                0x00000930       0x34 /Applications/ArmGNUToolchain/15.3.rel1/arm-none-eabi/bin/../lib/gcc/arm-none-eabi/15.3.1/../../../../arm-none-eabi/lib/thumb/v7e-m+fp/hard/libg_nano.a(libc_a-malloc.o)
 .ARM.attributes
                0x00000964       0x34 /Applications/ArmGNUToolchain/15.3.rel1/arm-none-eabi/bin/../lib/gcc/arm-none-eabi/15.3.1/../../../../arm-none-eabi/lib/thumb/v7e-m+fp/hard/libg_nano.a(libc_a-mallocr.o)
 .ARM.attributes
                0x00000998       0x34 /Applications/ArmGNUToolchain/15.3.rel1/arm-none-eabi/bin/../lib/gcc/arm-none-eabi/15.3.1/../../../../arm-none-eabi/lib/thumb/v7e-m+fp/hard/libg_nano.a(libc_a-nano-vfprintf.o)
 .ARM.attributes
                0x000009cc       0x34 /Applications/ArmGNUToolchain/15.3.rel1/arm-none-eabi/bin/../lib/gcc/arm-none-eabi/15.3.1/../../../../arm-none-eabi/lib/thumb/v7e-m+fp/hard/libg_nano.a(libc_a-mlock.o)
 .ARM.attributes
                0x00000a00       0x34 /Applications/ArmGNUToolchain/15.3.rel1/arm-none-eabi/bin/../lib/gcc/arm-none-eabi/15.3.1/../../../../arm-none-eabi/lib/thumb/v7e-m+fp/hard/libg_nano.a(libc_a-mprec.o)
 .ARM.attributes
                0x00000a34       0x34 /Applications/ArmGNUToolchain/15.3.rel1/arm-none-eabi/bin/../lib/gcc/arm-none-eabi/15.3.1/../../../../arm-none-eabi/lib/thumb/v7e-m+fp/hard/libg_nano.a(libc_a-stdio.o)
 .ARM.attributes
                0x00000a68       0x34 /Applications/ArmGNUToolchain/15.3.rel1/arm-none-eabi/bin/../lib/gcc/arm-none-eabi/15.3.1/../../../../arm-none-eabi/lib/thumb/v7e-m+fp/hard/libg_nano.a(libc_a-wbuf.o)
 .ARM.attributes
                0x00000a9c       0x34 /Applications/ArmGNUToolchain/15.3.rel1/arm-none-eabi/bin/../lib/gcc/arm-none-eabi/15.3.1/../../../../arm-none-eabi/lib/thumb/v7e-m+fp/hard/libg_nano.a(libc_a-wsetup.o)
 .ARM.attributes
                0x00000ad0       0x34 /Applications/ArmGNUToolchain/15.3.rel1/arm-none-eabi/bin/../lib/gcc/arm-none-eabi/15.3.1/../../../../arm-none-eabi/lib/thumb/v7e-m+fp/hard/libg_nano.a(libc_a-lseekr.o)
 .ARM.attributes
                0x00000b04       0x34 /Applications/ArmGNUToolchain/15.3.rel1/arm-none-eabi/bin/../lib/gcc/arm-none-eabi/15.3.1/../../../../arm-none-eabi/lib/thumb/v7e-m+fp/hard/libg_nano.a(libc_a-readr.o)
 .ARM.attributes
                0x00000b38       0x34 /Applications/ArmGNUToolchain/15.3.rel1/arm-none-eabi/bin/../lib/gcc/arm-none-eabi/15.3.1/../../../../arm-none-eabi/lib/thumb/v7e-m+fp/hard/libg_nano.a(libc_a-sbrkr.o)
 .ARM.attributes
                0x00000b6c       0x34 /Applications/ArmGNUToolchain/15.3.rel1/arm-none-eabi/bin/../lib/gcc/arm-none-eabi/15.3.1/../../../../arm-none-eabi/lib/thumb/v7e-m+fp/hard/libg_nano.a(libc_a-writer.o)
 .ARM.attributes
                0x00000ba0       0x34 /Applications/ArmGNUToolchain/15.3.rel1/arm-none-eabi/bin/../lib/gcc/arm-none-eabi/15.3.1/../../../../arm-none-eabi/lib/thumb/v7e-m+fp/hard/libg_nano.a(libc_a-locale.o)
 .ARM.attributes
                0x00000bd4       0x34 /Applications/ArmGNUToolchain/15.3.rel1/arm-none-eabi/bin/../lib/gcc/arm-none-eabi/15.3.1/../../../../arm-none-eabi/lib/thumb/v7e-m+fp/hard/libg_nano.a(libc_a-closer.o)
 .ARM.attributes