/Users/homeaccount/PDM_M26/cmake/stm32cubemx/../../Drivers/CMSIS/Include/core_cm4.h:2059:26:ITM_SendChar	16	static
/Users/homeaccount/PDM_M26/Core/Src/main.c:89:5:_write	32	static
/Users/homeaccount/PDM_M26/Core/Src/main.c:103:5:main	176	static
/Users/homeaccount/PDM_M26/Core/Src/main.c:204:6:SystemClock_Config	88	static
/Users/homeaccount/PDM_M26/Core/Src/main.c:245:13:MX_ADC1_Init	56	static
/Users/homeaccount/PDM_M26/Core/Src/main.c:340:13:MX_ADC2_Init	40	static
/Users/homeaccount/PDM_M26/Core/Src/main.c:426:13:MX_FDCAN1_Init	8	static
/Users/homeaccount/PDM_M26/Core/Src/main.c:469:13:MX_TIM3_Init	48	static
/Users/homeaccount/PDM_M26/Core/Src/main.c:517:13:MX_USART1_UART_Init	8	static
/Users/homeaccount/PDM_M26/Core/Src/main.c:565:13:MX_GPIO_Init	40	static
/Users/homeaccount/PDM_M26/Core/Src/main.c:615:13:ReadADC1_AllChannels	16	static
/Users/homeaccount/PDM_M26/Core/Src/main.c:628:13:ReadADC2_AllChannels	16	static
/Users/homeaccount/PDM_M26/Core/Src/main.c:641:14:RawToVoltage	16	static
/Users/homeaccount/PDM_M26/Core/Src/main.c:651:6:Error_Handler	4	static
