/Users/homeaccount/PDM_M26/cmake/stm32cubemx/../../Drivers/CMSIS/Include/core_cm4.h:2059:26:ITM_SendChar	16	static,ignoring_inline_asm
/Users/homeaccount/PDM_M26/Core/Src/main.c:82:5:_write	32	static
/Users/homeaccount/PDM_M26/Core/Src/main.c:96:5:main	160	static
/Users/homeaccount/PDM_M26/Core/Src/main.c:183:6:SystemClock_Config	88	static
/Users/homeaccount/PDM_M26/Core/Src/main.c:224:13:MX_ADC1_Init	56	static
/Users/homeaccount/PDM_M26/Core/Src/main.c:319:13:MX_ADC2_Init	40	static
/Users/homeaccount/PDM_M26/Core/Src/main.c:405:13:MX_FDCAN1_Init	8	static
/Users/homeaccount/PDM_M26/Core/Src/main.c:448:13:MX_TIM3_Init	48	static
/Users/homeaccount/PDM_M26/Core/Src/main.c:496:13:MX_GPIO_Init	40	static
/Users/homeaccount/PDM_M26/Core/Src/main.c:546:13:ReadADC1_AllChannels	16	static
/Users/homeaccount/PDM_M26/Core/Src/main.c:559:13:ReadADC2_AllChannels	16	static
/Users/homeaccount/PDM_M26/Core/Src/main.c:572:14:RawToVoltage	16	static
/Users/homeaccount/PDM_M26/Core/Src/main.c:582:6:Error_Handler	4	static,ignoring_inline_asm
